Archive member included to satisfy reference by file (symbol)

c:/my_files/school/extracurriculars/university/personal_projects/embedded_systems/tools/gcc-arm-none-eabi-10.3-2021.07/bin/../lib/gcc/arm-none-eabi/10.3.1/../../../../arm-none-eabi/lib/thumb/v7e-m+fp/hard\libc_nano.a(lib_a-exit.o)
                              c:/my_files/school/extracurriculars/university/personal_projects/embedded_systems/tools/gcc-arm-none-eabi-10.3-2021.07/bin/../lib/gcc/arm-none-eabi/10.3.1/../../../../arm-none-eabi/lib/thumb/v7e-m+fp/hard/crt0.o (exit)
c:/my_files/school/extracurriculars/university/personal_projects/embedded_systems/tools/gcc-arm-none-eabi-10.3-2021.07/bin/../lib/gcc/arm-none-eabi/10.3.1/../../../../arm-none-eabi/lib/thumb/v7e-m+fp/hard\libc_nano.a(lib_a-impure.o)
                              c:/my_files/school/extracurriculars/university/personal_projects/embedded_systems/tools/gcc-arm-none-eabi-10.3-2021.07/bin/../lib/gcc/arm-none-eabi/10.3.1/../../../../arm-none-eabi/lib/thumb/v7e-m+fp/hard\libc_nano.a(lib_a-exit.o) (_global_impure_ptr)
c:/my_files/school/extracurriculars/university/personal_projects/embedded_systems/tools/gcc-arm-none-eabi-10.3-2021.07/bin/../lib/gcc/arm-none-eabi/10.3.1/../../../../arm-none-eabi/lib/thumb/v7e-m+fp/hard\libc_nano.a(lib_a-init.o)
                              c:/my_files/school/extracurriculars/university/personal_projects/embedded_systems/tools/gcc-arm-none-eabi-10.3-2021.07/bin/../lib/gcc/arm-none-eabi/10.3.1/../../../../arm-none-eabi/lib/thumb/v7e-m+fp/hard/crt0.o (__libc_init_array)
c:/my_files/school/extracurriculars/university/personal_projects/embedded_systems/tools/gcc-arm-none-eabi-10.3-2021.07/bin/../lib/gcc/arm-none-eabi/10.3.1/../../../../arm-none-eabi/lib/thumb/v7e-m+fp/hard\libc_nano.a(lib_a-memcpy-stub.o)
                              build/queue.o (memcpy)
c:/my_files/school/extracurriculars/university/personal_projects/embedded_systems/tools/gcc-arm-none-eabi-10.3-2021.07/bin/../lib/gcc/arm-none-eabi/10.3.1/../../../../arm-none-eabi/lib/thumb/v7e-m+fp/hard\libc_nano.a(lib_a-memset.o)
                              c:/my_files/school/extracurriculars/university/personal_projects/embedded_systems/tools/gcc-arm-none-eabi-10.3-2021.07/bin/../lib/gcc/arm-none-eabi/10.3.1/../../../../arm-none-eabi/lib/thumb/v7e-m+fp/hard/crt0.o (memset)
c:/my_files/school/extracurriculars/university/personal_projects/embedded_systems/tools/gcc-arm-none-eabi-10.3-2021.07/bin/../lib/gcc/arm-none-eabi/10.3.1/../../../../arm-none-eabi/lib/thumb/v7e-m+fp/hard\libc_nano.a(lib_a-sprintf.o)
                              build/main.o (sprintf)
c:/my_files/school/extracurriculars/university/personal_projects/embedded_systems/tools/gcc-arm-none-eabi-10.3-2021.07/bin/../lib/gcc/arm-none-eabi/10.3.1/../../../../arm-none-eabi/lib/thumb/v7e-m+fp/hard\libc_nano.a(lib_a-strlen.o)
                              build/main.o (strlen)
c:/my_files/school/extracurriculars/university/personal_projects/embedded_systems/tools/gcc-arm-none-eabi-10.3-2021.07/bin/../lib/gcc/arm-none-eabi/10.3.1/../../../../arm-none-eabi/lib/thumb/v7e-m+fp/hard\libc_nano.a(lib_a-nano-svfprintf.o)
                              c:/my_files/school/extracurriculars/university/personal_projects/embedded_systems/tools/gcc-arm-none-eabi-10.3-2021.07/bin/../lib/gcc/arm-none-eabi/10.3.1/../../../../arm-none-eabi/lib/thumb/v7e-m+fp/hard\libc_nano.a(lib_a-sprintf.o) (_svfprintf_r)
c:/my_files/school/extracurriculars/university/personal_projects/embedded_systems/tools/gcc-arm-none-eabi-10.3-2021.07/bin/../lib/gcc/arm-none-eabi/10.3.1/../../../../arm-none-eabi/lib/thumb/v7e-m+fp/hard\libc_nano.a(lib_a-nano-vfprintf_i.o)
                              c:/my_files/school/extracurriculars/university/personal_projects/embedded_systems/tools/gcc-arm-none-eabi-10.3-2021.07/bin/../lib/gcc/arm-none-eabi/10.3.1/../../../../arm-none-eabi/lib/thumb/v7e-m+fp/hard\libc_nano.a(lib_a-nano-svfprintf.o) (_printf_i)
c:/my_files/school/extracurriculars/university/personal_projects/embedded_systems/tools/gcc-arm-none-eabi-10.3-2021.07/bin/../lib/gcc/arm-none-eabi/10.3.1/../../../../arm-none-eabi/lib/thumb/v7e-m+fp/hard\libc_nano.a(lib_a-memchr.o)
                              c:/my_files/school/extracurriculars/university/personal_projects/embedded_systems/tools/gcc-arm-none-eabi-10.3-2021.07/bin/../lib/gcc/arm-none-eabi/10.3.1/../../../../arm-none-eabi/lib/thumb/v7e-m+fp/hard\libc_nano.a(lib_a-nano-svfprintf.o) (memchr)
c:/my_files/school/extracurriculars/university/personal_projects/embedded_systems/tools/gcc-arm-none-eabi-10.3-2021.07/bin/../lib/gcc/arm-none-eabi/10.3.1/../../../../arm-none-eabi/lib/thumb/v7e-m+fp/hard\libc_nano.a(lib_a-memmove.o)
                              c:/my_files/school/extracurriculars/university/personal_projects/embedded_systems/tools/gcc-arm-none-eabi-10.3-2021.07/bin/../lib/gcc/arm-none-eabi/10.3.1/../../../../arm-none-eabi/lib/thumb/v7e-m+fp/hard\libc_nano.a(lib_a-nano-svfprintf.o) (memmove)
[...]
Memory Configuration

Name             Origin             Length             Attributes
RAM              0x20000000         0x00018000         xrw
FLASH            0x08000000         0x00080000         xr
*default*        0x00000000         0xffffffff

Linker script and memory map

LOAD c:/my_files/school/extracurriculars/university/personal_projects/embedded_systems/tools/gcc-arm-none-eabi-10.3-2021.07/bin/../lib/gcc/arm-none-eabi/10.3.1/thumb/v7e-m+fp/hard/crti.o
LOAD c:/my_files/school/extracurriculars/university/personal_projects/embedded_systems/tools/gcc-arm-none-eabi-10.3-2021.07/bin/../lib/gcc/arm-none-eabi/10.3.1/thumb/v7e-m+fp/hard/crtbegin.o
LOAD c:/my_files/school/extracurriculars/university/personal_projects/embedded_systems/tools/gcc-arm-none-eabi-10.3-2021.07/bin/../lib/gcc/arm-none-eabi/10.3.1/../../../../arm-none-eabi/lib/thumb/v7e-m+fp/hard/crt0.o
LOAD build/main.o
LOAD build/freertos.o
LOAD build/stm32f4xx_it.o
LOAD build/stm32f4xx_hal_msp.o
LOAD build/stm32f4xx_hal_timebase_tim.o
LOAD build/stm32f4xx_hal_adc.o
LOAD build/stm32f4xx_hal_adc_ex.o
LOAD build/stm32f4xx_ll_adc.o
LOAD build/stm32f4xx_hal_rcc.o
LOAD build/stm32f4xx_hal_rcc_ex.o
LOAD build/stm32f4xx_hal_flash.o
LOAD build/stm32f4xx_hal_flash_ex.o
LOAD build/stm32f4xx_hal_flash_ramfunc.o
LOAD build/stm32f4xx_hal_gpio.o
LOAD build/stm32f4xx_hal_dma_ex.o
LOAD build/stm32f4xx_hal_dma.o
LOAD build/stm32f4xx_hal_pwr.o
LOAD build/stm32f4xx_hal_pwr_ex.o
LOAD build/stm32f4xx_hal_cortex.o
LOAD build/stm32f4xx_hal.o
LOAD build/stm32f4xx_hal_exti.o
LOAD build/stm32f4xx_hal_tim.o
LOAD build/stm32f4xx_hal_tim_ex.o
LOAD build/system_stm32f4xx.o
LOAD build/croutine.o
LOAD build/event_groups.o
LOAD build/list.o
LOAD build/queue.o
LOAD build/stream_buffer.o
LOAD build/tasks.o
LOAD build/timers.o
LOAD build/cmsis_os2.o
LOAD build/heap_4.o
LOAD build/port.o
LOAD build/stm32f4xx_hal_uart.o
LOAD build/startup_stm32f401xe.o
LOAD c:/my_files/school/extracurriculars/university/personal_projects/embedded_systems/tools/gcc-arm-none-eabi-10.3-2021.07/bin/../lib/gcc/arm-none-eabi/10.3.1/../../../../arm-none-eabi/lib/thumb/v7e-m+fp/hard\libc_nano.a
LOAD c:/my_files/school/extracurriculars/university/personal_projects/embedded_systems/tools/gcc-arm-none-eabi-10.3-2021.07/bin/../lib/gcc/arm-none-eabi/10.3.1/../../../../arm-none-eabi/lib/thumb/v7e-m+fp/hard\libm.a
LOAD c:/my_files/school/extracurriculars/university/personal_projects/embedded_systems/tools/gcc-arm-none-eabi-10.3-2021.07/bin/../lib/gcc/arm-none-eabi/10.3.1/../../../../arm-none-eabi/lib/thumb/v7e-m+fp/hard\libnosys.a
START GROUP
LOAD c:/my_files/school/extracurriculars/university/personal_projects/embedded_systems/tools/gcc-arm-none-eabi-10.3-2021.07/bin/../lib/gcc/arm-none-eabi/10.3.1/thumb/v7e-m+fp/hard\libgcc.a
LOAD c:/my_files/school/extracurriculars/university/personal_projects/embedded_systems/tools/gcc-arm-none-eabi-10.3-2021.07/bin/../lib/gcc/arm-none-eabi/10.3.1/../../../../arm-none-eabi/lib/thumb/v7e-m+fp/hard\libc_nano.a
END GROUP
START GROUP
LOAD c:/my_files/school/extracurriculars/university/personal_projects/embedded_systems/tools/gcc-arm-none-eabi-10.3-2021.07/bin/../lib/gcc/arm-none-eabi/10.3.1/thumb/v7e-m+fp/hard\libgcc.a
LOAD c:/my_files/school/extracurriculars/university/personal_projects/embedded_systems/tools/gcc-arm-none-eabi-10.3-2021.07/bin/../lib/gcc/arm-none-eabi/10.3.1/../../../../arm-none-eabi/lib/thumb/v7e-m+fp/hard\libc_nano.a
END GROUP
LOAD c:/my_files/school/extracurriculars/university/personal_projects/embedded_systems/tools/gcc-arm-none-eabi-10.3-2021.07/bin/../lib/gcc/arm-none-eabi/10.3.1/thumb/v7e-m+fp/hard/crtend.o
LOAD c:/my_files/school/extracurriculars/university/personal_projects/embedded_systems/tools/gcc-arm-none-eabi-10.3-2021.07/bin/../lib/gcc/arm-none-eabi/10.3.1/thumb/v7e-m+fp/hard/crtn.o
                0x20018000                _estack = 0x20018000
                0x00000200                _Min_Heap_Size = 0x200
                0x00000400                _Min_Stack_Size = 0x400

.isr_vector     0x08000000      0x194
                0x08000000                . = ALIGN (0x4)
 *(.isr_vector)
 .isr_vector    0x08000000      0x194 build/startup_stm32f401xe.o
                0x08000000                g_pfnVectors
                0x08000194                . = ALIGN (0x4)

.text           0x080001a0     0x4e78
                0x080001a0                . = ALIGN (0x4)
 *(.text)
 .text          0x080001a0       0x40 c:/my_files/school/extracurriculars/university/personal_projects/embedded_systems/tools/gcc-arm-none-eabi-10.3-2021.07/bin/../lib/gcc/arm-none-eabi/10.3.1/thumb/v7e-m+fp/hard/crtbegin.o
 .text          0x080001e0       0x10 c:/my_files/school/extracurriculars/university/personal_projects/embedded_systems/tools/gcc-arm-none-eabi-10.3-2021.07/bin/../lib/gcc/arm-none-eabi/10.3.1/../../../../arm-none-eabi/lib/thumb/v7e-m+fp/hard\libc_nano.a(lib_a-strlen.o)
                0x080001e0                strlen
 .text          0x080001f0       0xa0 c:/my_files/school/extracurriculars/university/personal_projects/embedded_systems/tools/gcc-arm-none-eabi-10.3-2021.07/bin/../lib/gcc/arm-none-eabi/10.3.1/../../../../arm-none-eabi/lib/thumb/v7e-m+fp/hard\libc_nano.a(lib_a-memchr.o)
                0x080001f0                memchr
 .text          0x08000290       0x30 c:/my_files/school/extracurriculars/university/personal_projects/embedded_systems/tools/gcc-arm-none-eabi-10.3-2021.07/bin/../lib/gcc/arm-none-eabi/10.3.1/thumb/v7e-m+fp/hard\libgcc.a(_aeabi_uldivmod.o)
                0x08000290                __aeabi_uldivmod
 .text          0x080002c0      0x2d0 c:/my_files/school/extracurriculars/university/personal_projects/embedded_systems/tools/gcc-arm-none-eabi-10.3-2021.07/bin/../lib/gcc/arm-none-eabi/10.3.1/thumb/v7e-m+fp/hard\libgcc.a(_udivmoddi4.o)
                0x080002c0                __udivmoddi4
 .text          0x08000590        0x4 c:/my_files/school/extracurriculars/university/personal_projects/embedded_systems/tools/gcc-arm-none-eabi-10.3-2021.07/bin/../lib/gcc/arm-none-eabi/10.3.1/thumb/v7e-m+fp/hard\libgcc.a(_dvmd_tls.o)
                0x08000590                __aeabi_idiv0
                0x08000590                __aeabi_ldiv0
 *(.text*)
 .text.MX_GPIO_Init
                0x08000594       0xa8 build/main.o
 .text.MX_DMA_Init
                0x0800063c       0x34 build/main.o
 .text.ProducerTask
                0x08000670       0x28 build/main.o
                0x08000670                ProducerTask
 .text.ConsumerTask
                0x08000698       0x60 build/main.o
                0x08000698                ConsumerTask
 .text.toggleLedCallback
                0x080006f8       0x4c build/main.o
                0x080006f8                toggleLedCallback
 .text.HAL_ADC_ConvCpltCallback
                0x08000744       0x60 build/main.o
                0x08000744                HAL_ADC_ConvCpltCallback
 .text.HAL_TIM_PeriodElapsedCallback
                0x080007a4       0x18 build/main.o
                0x080007a4                HAL_TIM_PeriodElapsedCallback
 .text.Error_Handler
                0x080007bc        0x4 build/main.o
                0x080007bc                Error_Handler
 .text.MX_ADC1_Init
                0x080007c0       0x70 build/main.o
 .text.MX_USART2_UART_Init
                0x08000830       0x34 build/main.o
 .text.SystemClock_Config
                0x08000864       0xa4 build/main.o
                0x08000864                SystemClock_Config
 .text.main     0x08000908       0xa0 build/main.o
                0x08000908                main
 .text.NMI_Handler
                0x080009a8        0x2 build/stm32f4xx_it.o
                0x080009a8                NMI_Handler
 .text.HardFault_Handler
                0x080009aa        0x2 build/stm32f4xx_it.o
                0x080009aa                HardFault_Handler
 .text.MemManage_Handler
                0x080009ac        0x2 build/stm32f4xx_it.o
                0x080009ac                MemManage_Handler
 .text.BusFault_Handler
                0x080009ae        0x2 build/stm32f4xx_it.o
                0x080009ae                BusFault_Handler
 .text.UsageFault_Handler
                0x080009b0        0x2 build/stm32f4xx_it.o
                0x080009b0                UsageFault_Handler
 .text.DebugMon_Handler
                0x080009b2        0x2 build/stm32f4xx_it.o
                0x080009b2                DebugMon_Handler
 .text.TIM4_IRQHandler
                0x080009b4       0x10 build/stm32f4xx_it.o
                0x080009b4                TIM4_IRQHandler
 .text.DMA2_Stream0_IRQHandler
                0x080009c4       0x10 build/stm32f4xx_it.o
                0x080009c4                DMA2_Stream0_IRQHandler
 .text.HAL_MspInit
                0x080009d4       0x44 build/stm32f4xx_hal_msp.o
                0x080009d4                HAL_MspInit
 .text.HAL_ADC_MspInit
                0x08000a18       0xa8 build/stm32f4xx_hal_msp.o
                0x08000a18                HAL_ADC_MspInit
 .text.HAL_UART_MspInit
                0x08000ac0       0x6c build/stm32f4xx_hal_msp.o
                0x08000ac0                HAL_UART_MspInit
 .text.HAL_InitTick
                0x08000b2c       0x7c build/stm32f4xx_hal_timebase_tim.o
                0x08000b2c                HAL_InitTick
 .text.ADC_Init
                0x08000ba8      0x134 build/stm32f4xx_hal_adc.o
 .text.HAL_ADC_Init
                0x08000cdc       0x56 build/stm32f4xx_hal_adc.o
                0x08000cdc                HAL_ADC_Init
 *fill*         0x08000d32        0x2 
 .text.HAL_ADC_Start_DMA
                0x08000d34      0x164 build/stm32f4xx_hal_adc.o
                0x08000d34                HAL_ADC_Start_DMA
 .text.HAL_ADC_ConvHalfCpltCallback
                0x08000e98        0x2 build/stm32f4xx_hal_adc.o
                0x08000e98                HAL_ADC_ConvHalfCpltCallback
 .text.ADC_DMAHalfConvCplt
                0x08000e9a        0xa build/stm32f4xx_hal_adc.o
 .text.HAL_ADC_ErrorCallback
                0x08000ea4        0x2 build/stm32f4xx_hal_adc.o
                0x08000ea4                HAL_ADC_ErrorCallback
 .text.ADC_DMAError
                0x08000ea6       0x16 build/stm32f4xx_hal_adc.o
 .text.ADC_DMAConvCplt
                0x08000ebc       0x72 build/stm32f4xx_hal_adc.o
 *fill*         0x08000f2e        0x2 
 .text.HAL_ADC_ConfigChannel
                0x08000f30      0x198 build/stm32f4xx_hal_adc.o
                0x08000f30                HAL_ADC_ConfigChannel
 .text.HAL_RCC_OscConfig
                0x080010c8      0x3f8 build/stm32f4xx_hal_rcc.o
                0x080010c8                HAL_RCC_OscConfig
 .text.HAL_RCC_GetSysClockFreq
                0x080014c0       0xd4 build/stm32f4xx_hal_rcc.o
                0x080014c0                HAL_RCC_GetSysClockFreq
 .text.HAL_RCC_ClockConfig
                0x08001594      0x160 build/stm32f4xx_hal_rcc.o
                0x08001594                HAL_RCC_ClockConfig
 .text.HAL_RCC_GetHCLKFreq
                0x080016f4        0xc build/stm32f4xx_hal_rcc.o
                0x080016f4                HAL_RCC_GetHCLKFreq
 .text.HAL_RCC_GetPCLK1Freq
                0x08001700       0x20 build/stm32f4xx_hal_rcc.o
                0x08001700                HAL_RCC_GetPCLK1Freq
 .text.HAL_RCC_GetPCLK2Freq
                0x08001720       0x20 build/stm32f4xx_hal_rcc.o
                0x08001720                HAL_RCC_GetPCLK2Freq
 .text.HAL_RCC_GetClockConfig
                0x08001740       0x3c build/stm32f4xx_hal_rcc.o
                0x08001740                HAL_RCC_GetClockConfig
 .text.HAL_GPIO_Init
                0x0800177c      0x1c0 build/stm32f4xx_hal_gpio.o
                0x0800177c                HAL_GPIO_Init
 .text.HAL_GPIO_WritePin
                0x0800193c        0xc build/stm32f4xx_hal_gpio.o
                0x0800193c                HAL_GPIO_WritePin
 .text.HAL_GPIO_TogglePin
                0x08001948       0x12 build/stm32f4xx_hal_gpio.o
                0x08001948                HAL_GPIO_TogglePin
 .text.DMA_SetConfig
                0x0800195a       0x2c build/stm32f4xx_hal_dma.o
 *fill*         0x08001986        0x2 
 .text.DMA_CalcBaseAndBitshift
                0x08001988       0x44 build/stm32f4xx_hal_dma.o
 .text.DMA_CheckFifoParam
                0x080019cc       0x8e build/stm32f4xx_hal_dma.o
 *fill*         0x08001a5a        0x2 
 .text.HAL_DMA_Init
                0x08001a5c       0xcc build/stm32f4xx_hal_dma.o
                0x08001a5c                HAL_DMA_Init
 .text.HAL_DMA_Start_IT
                0x08001b28       0x6a build/stm32f4xx_hal_dma.o
                0x08001b28                HAL_DMA_Start_IT
 *fill*         0x08001b92        0x2 
 .text.HAL_DMA_IRQHandler
                0x08001b94      0x1dc build/stm32f4xx_hal_dma.o
                0x08001b94                HAL_DMA_IRQHandler
 .text.HAL_NVIC_SetPriorityGrouping
                0x08001d70       0x24 build/stm32f4xx_hal_cortex.o
                0x08001d70                HAL_NVIC_SetPriorityGrouping
 .text.HAL_NVIC_SetPriority
                0x08001d94       0x70 build/stm32f4xx_hal_cortex.o
                0x08001d94                HAL_NVIC_SetPriority
 .text.HAL_NVIC_EnableIRQ
                0x08001e04       0x1c build/stm32f4xx_hal_cortex.o
                0x08001e04                HAL_NVIC_EnableIRQ
 .text.HAL_Init
                0x08001e20       0x34 build/stm32f4xx_hal.o
                0x08001e20                HAL_Init
 .text.HAL_IncTick
                0x08001e54       0x18 build/stm32f4xx_hal.o
                0x08001e54                HAL_IncTick
 .text.HAL_GetTick
                0x08001e6c        0xc build/stm32f4xx_hal.o
                0x08001e6c                HAL_GetTick
 .text.HAL_TIM_Base_MspInit
                0x08001e78        0x2 build/stm32f4xx_hal_tim.o
                0x08001e78                HAL_TIM_Base_MspInit
 *fill*         0x08001e7a        0x2 
 .text.HAL_TIM_Base_Start_IT
                0x08001e7c       0x78 build/stm32f4xx_hal_tim.o
                0x08001e7c                HAL_TIM_Base_Start_IT
 .text.HAL_TIM_OC_DelayElapsedCallback
                0x08001ef4        0x2 build/stm32f4xx_hal_tim.o
                0x08001ef4                HAL_TIM_OC_DelayElapsedCallback
 .text.HAL_TIM_IC_CaptureCallback
                0x08001ef6        0x2 build/stm32f4xx_hal_tim.o
                0x08001ef6                HAL_TIM_IC_CaptureCallback
 .text.HAL_TIM_PWM_PulseFinishedCallback
                0x08001ef8        0x2 build/stm32f4xx_hal_tim.o
                0x08001ef8                HAL_TIM_PWM_PulseFinishedCallback
 .text.HAL_TIM_TriggerCallback
                0x08001efa        0x2 build/stm32f4xx_hal_tim.o
                0x08001efa                HAL_TIM_TriggerCallback
 .text.HAL_TIM_IRQHandler
                0x08001efc      0x17a build/stm32f4xx_hal_tim.o
                0x08001efc                HAL_TIM_IRQHandler
 *fill*         0x08002076        0x2 
 .text.TIM_Base_SetConfig
                0x08002078       0x9c build/stm32f4xx_hal_tim.o
                0x08002078                TIM_Base_SetConfig
 .text.HAL_TIM_Base_Init
                0x08002114       0x58 build/stm32f4xx_hal_tim.o
                0x08002114                HAL_TIM_Base_Init
 .text.HAL_TIMEx_CommutCallback
                0x0800216c        0x2 build/stm32f4xx_hal_tim_ex.o
                0x0800216c                HAL_TIMEx_CommutCallback
 .text.HAL_TIMEx_BreakCallback
                0x0800216e        0x2 build/stm32f4xx_hal_tim_ex.o
                0x0800216e                HAL_TIMEx_BreakCallback
 .text.SystemInit
                0x08002170       0x14 build/system_stm32f4xx.o
                0x08002170                SystemInit
 .text.vListInitialise
                0x08002184       0x16 build/list.o
                0x08002184                vListInitialise
 .text.vListInitialiseItem
                0x0800219a        0x6 build/list.o
                0x0800219a                vListInitialiseItem
 .text.vListInsertEnd
                0x080021a0       0x16 build/list.o
                0x080021a0                vListInsertEnd
 .text.vListInsert
                0x080021b6       0x32 build/list.o
                0x080021b6                vListInsert
 .text.uxListRemove
                0x080021e8       0x26 build/list.o
                0x080021e8                uxListRemove
 .text.prvIsQueueFull
                0x0800220e       0x1e build/queue.o
 .text.prvIsQueueEmpty
                0x0800222c       0x1a build/queue.o
 .text.prvCopyDataToQueue
                0x08002246       0x76 build/queue.o
 .text.prvCopyDataFromQueue
                0x080022bc       0x24 build/queue.o
 .text.prvUnlockQueue
                0x080022e0       0x6e build/queue.o
 .text.xQueueGenericReset
                0x0800234e       0x84 build/queue.o
                0x0800234e                xQueueGenericReset
 .text.prvInitialiseNewQueue
                0x080023d2       0x22 build/queue.o
 .text.xQueueGenericCreateStatic
                0x080023f4       0x94 build/queue.o
                0x080023f4                xQueueGenericCreateStatic
 .text.xQueueGenericCreate
                0x08002488       0x48 build/queue.o
                0x08002488                xQueueGenericCreate
 .text.xQueueGenericSend
                0x080024d0      0x188 build/queue.o
                0x080024d0                xQueueGenericSend
 .text.xQueueGenericSendFromISR
                0x08002658       0xce build/queue.o
                0x08002658                xQueueGenericSendFromISR
 .text.xQueueReceive
                0x08002726      0x15e build/queue.o
                0x08002726                xQueueReceive
 .text.xQueueReceiveFromISR
                0x08002884       0xa8 build/queue.o
                0x08002884                xQueueReceiveFromISR
 .text.vQueueAddToRegistry
                0x0800292c       0x28 build/queue.o
                0x0800292c                vQueueAddToRegistry
 .text.vQueueWaitForMessageRestricted
                0x08002954       0x52 build/queue.o
                0x08002954                vQueueWaitForMessageRestricted
 *fill*         0x080029a6        0x2 
 .text.prvResetNextTaskUnblockTime
                0x080029a8       0x2c build/tasks.o
 .text.prvInitialiseNewTask
                0x080029d4       0xa6 build/tasks.o
 *fill*         0x08002a7a        0x2 
 .text.prvInitialiseTaskLists
                0x08002a7c       0x68 build/tasks.o
 .text.prvAddNewTaskToReadyList
                0x08002ae4       0xac build/tasks.o
 .text.prvDeleteTCB
                0x08002b90       0x38 build/tasks.o
 .text.prvCheckTasksWaitingTermination
                0x08002bc8       0x4c build/tasks.o
 .text.prvIdleTask
                0x08002c14       0x28 build/tasks.o
 .text.prvAddCurrentTaskToDelayedList
                0x08002c3c       0x7c build/tasks.o
 .text.xTaskCreateStatic
                0x08002cb8       0x76 build/tasks.o
                0x08002cb8                xTaskCreateStatic
 .text.xTaskCreate
                0x08002d2e       0x68 build/tasks.o
                0x08002d2e                xTaskCreate
 *fill*         0x08002d96        0x2 
 .text.vTaskStartScheduler
                0x08002d98       0x9c build/tasks.o
                0x08002d98                vTaskStartScheduler
 .text.vTaskSuspendAll
                0x08002e34       0x10 build/tasks.o
                0x08002e34                vTaskSuspendAll
 .text.xTaskGetTickCount
                0x08002e44        0xc build/tasks.o
                0x08002e44                xTaskGetTickCount
 .text.xTaskGetTickCountFromISR
                0x08002e50       0x10 build/tasks.o
                0x08002e50                xTaskGetTickCountFromISR
 .text.xTaskIncrementTick
                0x08002e60      0x118 build/tasks.o
                0x08002e60                xTaskIncrementTick
 .text.xTaskResumeAll
                0x08002f78       0xf8 build/tasks.o
                0x08002f78                xTaskResumeAll
 .text.vTaskDelayUntil
                0x08003070       0xa4 build/tasks.o
                0x08003070                vTaskDelayUntil
 .text.vTaskDelay
                0x08003114       0x4c build/tasks.o
                0x08003114                vTaskDelay
 .text.vTaskSwitchContext
                0x08003160       0x94 build/tasks.o
                0x08003160                vTaskSwitchContext
 .text.vTaskPlaceOnEventList
                0x080031f4       0x30 build/tasks.o
                0x080031f4                vTaskPlaceOnEventList
 .text.vTaskPlaceOnEventListRestricted
                0x08003224       0x38 build/tasks.o
                0x08003224                vTaskPlaceOnEventListRestricted
 .text.xTaskRemoveFromEventList
                0x0800325c       0x8c build/tasks.o
                0x0800325c                xTaskRemoveFromEventList
 .text.vTaskInternalSetTimeOutState
                0x080032e8       0x18 build/tasks.o
                0x080032e8                vTaskInternalSetTimeOutState
 .text.xTaskCheckForTimeOut
                0x08003300       0x84 build/tasks.o
                0x08003300                xTaskCheckForTimeOut
 .text.vTaskMissedYield
                0x08003384        0xc build/tasks.o
                0x08003384                vTaskMissedYield
 .text.xTaskGetSchedulerState
                0x08003390       0x20 build/tasks.o
                0x08003390                xTaskGetSchedulerState
 .text.xTaskPriorityDisinherit
                0x080033b0       0x90 build/tasks.o
                0x080033b0                xTaskPriorityDisinherit
 .text.prvGetNextExpireTime
                0x08003440       0x20 build/timers.o
 .text.prvInsertTimerInActiveList
                0x08003460       0x48 build/timers.o
 .text.prvCheckForValidListAndQueue
                0x080034a8       0x70 build/timers.o
 .text.prvInitialiseNewTimer
                0x08003518       0x4c build/timers.o
 .text.xTimerCreateTimerTask
                0x08003564       0x64 build/timers.o
                0x08003564                xTimerCreateTimerTask
 .text.xTimerCreate
                0x080035c8       0x38 build/timers.o
                0x080035c8                xTimerCreate
 .text.xTimerCreateStatic
                0x08003600       0x54 build/timers.o
                0x08003600                xTimerCreateStatic
 .text.xTimerGenericCommand
                0x08003654       0x6c build/timers.o
                0x08003654                xTimerGenericCommand
 .text.prvSwitchTimerLists
                0x080036c0       0x7c build/timers.o
 .text.prvSampleTimeNow
                0x0800373c       0x2c build/timers.o
 .text.prvProcessExpiredTimer
                0x08003768       0x6c build/timers.o
 .text.prvProcessTimerOrBlockTask
                0x080037d4       0x74 build/timers.o
 .text.prvProcessReceivedCommands
                0x08003848      0x10c build/timers.o
 .text.prvTimerTask
                0x08003954       0x16 build/timers.o
 .text.pvTimerGetTimerID
                0x0800396a       0x26 build/timers.o
                0x0800396a                pvTimerGetTimerID
 .text.TimerCallback
                0x08003990       0x10 build/cmsis_os2.o
 .text.SysTick_Handler
                0x080039a0       0x18 build/cmsis_os2.o
                0x080039a0                SysTick_Handler
 .text.osKernelInitialize
                0x080039b8       0x24 build/cmsis_os2.o
                0x080039b8                osKernelInitialize
 .text.osKernelStart
                0x080039dc       0x38 build/cmsis_os2.o
                0x080039dc                osKernelStart
 .text.osKernelGetTickCount
                0x08003a14       0x14 build/cmsis_os2.o
                0x08003a14                osKernelGetTickCount
 .text.osThreadNew
                0x08003a28       0xbc build/cmsis_os2.o
                0x08003a28                osThreadNew
 .text.osDelay  0x08003ae4       0x1c build/cmsis_os2.o
                0x08003ae4                osDelay
 .text.osDelayUntil
                0x08003b00       0x30 build/cmsis_os2.o
                0x08003b00                osDelayUntil
 .text.osTimerNew
                0x08003b30       0xa8 build/cmsis_os2.o
                0x08003b30                osTimerNew
 .text.osTimerStart
                0x08003bd8       0x34 build/cmsis_os2.o
                0x08003bd8                osTimerStart
 .text.osMessageQueueNew
                0x08003c0c       0x96 build/cmsis_os2.o
                0x08003c0c                osMessageQueueNew
 .text.osMessageQueuePut
                0x08003ca2       0x84 build/cmsis_os2.o
                0x08003ca2                osMessageQueuePut
 .text.osMessageQueueGet
                0x08003d26       0x82 build/cmsis_os2.o
                0x08003d26                osMessageQueueGet
 .text.vApplicationGetIdleTaskMemory
                0x08003da8       0x18 build/cmsis_os2.o
                0x08003da8                vApplicationGetIdleTaskMemory
 .text.vApplicationGetTimerTaskMemory
                0x08003dc0       0x18 build/cmsis_os2.o
                0x08003dc0                vApplicationGetTimerTaskMemory
 .text.prvHeapInit
                0x08003dd8       0x64 build/heap_4.o
 .text.prvInsertBlockIntoFreeList
                0x08003e3c       0x64 build/heap_4.o
 .text.pvPortMalloc
                0x08003ea0       0xfc build/heap_4.o
                0x08003ea0                pvPortMalloc
 .text.vPortFree
                0x08003f9c       0x7c build/heap_4.o
                0x08003f9c                vPortFree
 .text.prvTaskExitError
                0x08004018       0x40 build/port.o
 .text.prvPortStartFirstTask
                0x08004058       0x28 build/port.o
 .text.vPortEnableVFP
                0x08004080       0x14 build/port.o
 .text.pxPortInitialiseStack
                0x08004094       0x2c build/port.o
                0x08004094                pxPortInitialiseStack
 .text.SVC_Handler
                0x080040c0       0x24 build/port.o
                0x080040c0                SVC_Handler
 .text.vPortEnterCritical
                0x080040e4       0x44 build/port.o
                0x080040e4                vPortEnterCritical
 .text.vPortExitCritical
                0x08004128       0x2c build/port.o
                0x08004128                vPortExitCritical
 *fill*         0x08004154        0xc 
 .text.PendSV_Handler
                0x08004160       0x64 build/port.o
                0x08004160                PendSV_Handler
 .text.xPortSysTickHandler
                0x080041c4       0x2c build/port.o
                0x080041c4                xPortSysTickHandler
 .text.vPortSetupTimerInterrupt
                0x080041f0       0x28 build/port.o
                0x080041f0                vPortSetupTimerInterrupt
 .text.xPortStartScheduler
                0x08004218      0x118 build/port.o
                0x08004218                xPortStartScheduler
 .text.vPortValidateInterruptPriority
                0x08004330       0x5c build/port.o
                0x08004330                vPortValidateInterruptPriority
 .text.UART_SetConfig
                0x0800438c      0x110 build/stm32f4xx_hal_uart.o
 .text.UART_WaitOnFlagUntilTimeout
                0x0800449c       0x88 build/stm32f4xx_hal_uart.o
 .text.HAL_UART_Init
                0x08004524       0x5e build/stm32f4xx_hal_uart.o
                0x08004524                HAL_UART_Init
 .text.HAL_UART_Transmit
                0x08004582       0xd8 build/stm32f4xx_hal_uart.o
                0x08004582                HAL_UART_Transmit
 *fill*         0x0800465a        0x2 
 .text.Reset_Handler
                0x0800465c       0x50 build/startup_stm32f401xe.o
                0x0800465c                Reset_Handler
 .text.Default_Handler
                0x080046ac        0x2 build/startup_stm32f401xe.o
                0x080046ac                RTC_Alarm_IRQHandler
                0x080046ac                EXTI2_IRQHandler
                0x080046ac                SPI4_IRQHandler
                0x080046ac                TIM1_CC_IRQHandler
                0x080046ac                DMA2_Stream5_IRQHandler
                0x080046ac                DMA1_Stream5_IRQHandler
                0x080046ac                PVD_IRQHandler
                0x080046ac                SDIO_IRQHandler
                0x080046ac                TAMP_STAMP_IRQHandler
                0x080046ac                EXTI3_IRQHandler
                0x080046ac                TIM1_UP_TIM10_IRQHandler
                0x080046ac                I2C3_ER_IRQHandler
                0x080046ac                EXTI0_IRQHandler
                0x080046ac                I2C2_EV_IRQHandler
                0x080046ac                DMA1_Stream2_IRQHandler
                0x080046ac                FPU_IRQHandler
                0x080046ac                DMA2_Stream2_IRQHandler
                0x080046ac                SPI1_IRQHandler
                0x080046ac                TIM1_BRK_TIM9_IRQHandler
                0x080046ac                DMA2_Stream3_IRQHandler
                0x080046ac                USART6_IRQHandler
                0x080046ac                I2C1_EV_IRQHandler
                0x080046ac                DMA1_Stream6_IRQHandler
                0x080046ac                DMA1_Stream1_IRQHandler
                0x080046ac                TIM3_IRQHandler
                0x080046ac                RCC_IRQHandler
                0x080046ac                Default_Handler
                0x080046ac                EXTI15_10_IRQHandler
                0x080046ac                ADC_IRQHandler
                0x080046ac                DMA1_Stream7_IRQHandler
                0x080046ac                TIM5_IRQHandler
                0x080046ac                DMA2_Stream7_IRQHandler
                0x080046ac                I2C3_EV_IRQHandler
                0x080046ac                EXTI9_5_IRQHandler
                0x080046ac                RTC_WKUP_IRQHandler
                0x080046ac                SPI2_IRQHandler
                0x080046ac                DMA1_Stream0_IRQHandler
                0x080046ac                EXTI4_IRQHandler
                0x080046ac                WWDG_IRQHandler
                0x080046ac                TIM2_IRQHandler
                0x080046ac                OTG_FS_WKUP_IRQHandler
                0x080046ac                TIM1_TRG_COM_TIM11_IRQHandler
                0x080046ac                EXTI1_IRQHandler
                0x080046ac                USART2_IRQHandler
                0x080046ac                I2C2_ER_IRQHandler
                0x080046ac                DMA2_Stream1_IRQHandler
                0x080046ac                FLASH_IRQHandler
                0x080046ac                DMA2_Stream4_IRQHandler
                0x080046ac                USART1_IRQHandler
                0x080046ac                OTG_FS_IRQHandler
                0x080046ac                SPI3_IRQHandler
                0x080046ac                DMA1_Stream4_IRQHandler
                0x080046ac                I2C1_ER_IRQHandler
                0x080046ac                DMA2_Stream6_IRQHandler
                0x080046ac                DMA1_Stream3_IRQHandler
 *fill*         0x080046ae        0x2 
 .text.__libc_init_array
                0x080046b0       0x48 c:/my_files/school/extracurriculars/university/personal_projects/embedded_systems/tools/gcc-arm-none-eabi-10.3-2021.07/bin/../lib/gcc/arm-none-eabi/10.3.1/../../../../arm-none-eabi/lib/thumb/v7e-m+fp/hard\libc_nano.a(lib_a-init.o)
                0x080046b0                __libc_init_array
 .text.memcpy   0x080046f8       0x1c c:/my_files/school/extracurriculars/university/personal_projects/embedded_systems/tools/gcc-arm-none-eabi-10.3-2021.07/bin/../lib/gcc/arm-none-eabi/10.3.1/../../../../arm-none-eabi/lib/thumb/v7e-m+fp/hard\libc_nano.a(lib_a-memcpy-stub.o)
                0x080046f8                memcpy
 .text.memset   0x08004714       0x10 c:/my_files/school/extracurriculars/university/personal_projects/embedded_systems/tools/gcc-arm-none-eabi-10.3-2021.07/bin/../lib/gcc/arm-none-eabi/10.3.1/../../../../arm-none-eabi/lib/thumb/v7e-m+fp/hard\libc_nano.a(lib_a-memset.o)
                0x08004714                memset
 .text.sprintf  0x08004724       0x40 c:/my_files/school/extracurriculars/university/personal_projects/embedded_systems/tools/gcc-arm-none-eabi-10.3-2021.07/bin/../lib/gcc/arm-none-eabi/10.3.1/../../../../arm-none-eabi/lib/thumb/v7e-m+fp/hard\libc_nano.a(lib_a-sprintf.o)
                0x08004724                siprintf
                0x08004724                sprintf
 .text.__ssputs_r
                0x08004764       0xb6 c:/my_files/school/extracurriculars/university/personal_projects/embedded_systems/tools/gcc-arm-none-eabi-10.3-2021.07/bin/../lib/gcc/arm-none-eabi/10.3.1/../../../../arm-none-eabi/lib/thumb/v7e-m+fp/hard\libc_nano.a(lib_a-nano-svfprintf.o)
                0x08004764                __ssputs_r
 *fill*         0x0800481a        0x2 
 .text._svfprintf_r
                0x0800481c      0x200 c:/my_files/school/extracurriculars/university/personal_projects/embedded_systems/tools/gcc-arm-none-eabi-10.3-2021.07/bin/../lib/gcc/arm-none-eabi/10.3.1/../../../../arm-none-eabi/lib/thumb/v7e-m+fp/hard\libc_nano.a(lib_a-nano-svfprintf.o)
                0x0800481c                _svfiprintf_r
                0x0800481c                _svfprintf_r
 .text._printf_common
                0x08004a1c       0xda c:/my_files/school/extracurriculars/university/personal_projects/embedded_systems/tools/gcc-arm-none-eabi-10.3-2021.07/bin/../lib/gcc/arm-none-eabi/10.3.1/../../../../arm-none-eabi/lib/thumb/v7e-m+fp/hard\libc_nano.a(lib_a-nano-vfprintf_i.o)
                0x08004a1c                _printf_common
 *fill*         0x08004af6        0x2 
 .text._printf_i
                0x08004af8      0x24c c:/my_files/school/extracurriculars/university/personal_projects/embedded_systems/tools/gcc-arm-none-eabi-10.3-2021.07/bin/../lib/gcc/arm-none-eabi/10.3.1/../../../../arm-none-eabi/lib/thumb/v7e-m+fp/hard\libc_nano.a(lib_a-nano-vfprintf_i.o)
                0x08004af8                _printf_i
 .text.memmove  0x08004d44       0x34 c:/my_files/school/extracurriculars/university/personal_projects/embedded_systems/tools/gcc-arm-none-eabi-10.3-2021.07/bin/../lib/gcc/arm-none-eabi/10.3.1/../../../../arm-none-eabi/lib/thumb/v7e-m+fp/hard\libc_nano.a(lib_a-memmove.o)
                0x08004d44                memmove
 .text._free_r  0x08004d78       0x98 c:/my_files/school/extracurriculars/university/personal_projects/embedded_systems/tools/gcc-arm-none-eabi-10.3-2021.07/bin/../lib/gcc/arm-none-eabi/10.3.1/../../../../arm-none-eabi/lib/thumb/v7e-m+fp/hard\libc_nano.a(lib_a-nano-freer.o)
                0x08004d78                _free_r
 .text.sbrk_aligned
                0x08004e10       0x40 c:/my_files/school/extracurriculars/university/personal_projects/embedded_systems/tools/gcc-arm-none-eabi-10.3-2021.07/bin/../lib/gcc/arm-none-eabi/10.3.1/../../../../arm-none-eabi/lib/thumb/v7e-m+fp/hard\libc_nano.a(lib_a-nano-mallocr.o)
 .text._malloc_r
                0x08004e50       0xe8 c:/my_files/school/extracurriculars/university/personal_projects/embedded_systems/tools/gcc-arm-none-eabi-10.3-2021.07/bin/../lib/gcc/arm-none-eabi/10.3.1/../../../../arm-none-eabi/lib/thumb/v7e-m+fp/hard\libc_nano.a(lib_a-nano-mallocr.o)
                0x08004e50                _malloc_r
 .text._realloc_r
                0x08004f38       0x5e c:/my_files/school/extracurriculars/university/personal_projects/embedded_systems/tools/gcc-arm-none-eabi-10.3-2021.07/bin/../lib/gcc/arm-none-eabi/10.3.1/../../../../arm-none-eabi/lib/thumb/v7e-m+fp/hard\libc_nano.a(lib_a-nano-reallocr.o)
                0x08004f38                _realloc_r
 *fill*         0x08004f96        0x2 
 .text._sbrk_r  0x08004f98       0x20 c:/my_files/school/extracurriculars/university/personal_projects/embedded_systems/tools/gcc-arm-none-eabi-10.3-2021.07/bin/../lib/gcc/arm-none-eabi/10.3.1/../../../../arm-none-eabi/lib/thumb/v7e-m+fp/hard\libc_nano.a(lib_a-sbrkr.o)
                0x08004f98                _sbrk_r
 .text.__malloc_lock
                0x08004fb8        0xc c:/my_files/school/extracurriculars/university/personal_projects/embedded_systems/tools/gcc-arm-none-eabi-10.3-2021.07/bin/../lib/gcc/arm-none-eabi/10.3.1/../../../../arm-none-eabi/lib/thumb/v7e-m+fp/hard\libc_nano.a(lib_a-mlock.o)
                0x08004fb8                __malloc_lock
 .text.__malloc_unlock
                0x08004fc4        0xc c:/my_files/school/extracurriculars/university/personal_projects/embedded_systems/tools/gcc-arm-none-eabi-10.3-2021.07/bin/../lib/gcc/arm-none-eabi/10.3.1/../../../../arm-none-eabi/lib/thumb/v7e-m+fp/hard\libc_nano.a(lib_a-mlock.o)
                0x08004fc4                __malloc_unlock
 .text._malloc_usable_size_r
                0x08004fd0       0x10 c:/my_files/school/extracurriculars/university/personal_projects/embedded_systems/tools/gcc-arm-none-eabi-10.3-2021.07/bin/../lib/gcc/arm-none-eabi/10.3.1/../../../../arm-none-eabi/lib/thumb/v7e-m+fp/hard\libc_nano.a(lib_a-nano-msizer.o)
                0x08004fd0                _malloc_usable_size_r
 .text.__retarget_lock_acquire_recursive
                0x08004fe0        0x2 c:/my_files/school/extracurriculars/university/personal_projects/embedded_systems/tools/gcc-arm-none-eabi-10.3-2021.07/bin/../lib/gcc/arm-none-eabi/10.3.1/../../../../arm-none-eabi/lib/thumb/v7e-m+fp/hard\libc_nano.a(lib_a-lock.o)
                0x08004fe0                __retarget_lock_acquire_recursive
 .text.__retarget_lock_release_recursive
                0x08004fe2        0x2 c:/my_files/school/extracurriculars/university/personal_projects/embedded_systems/tools/gcc-arm-none-eabi-10.3-2021.07/bin/../lib/gcc/arm-none-eabi/10.3.1/../../../../arm-none-eabi/lib/thumb/v7e-m+fp/hard\libc_nano.a(lib_a-lock.o)
                0x08004fe2                __retarget_lock_release_recursive
 .text._sbrk    0x08004fe4       0x1c c:/my_files/school/extracurriculars/university/personal_projects/embedded_systems/tools/gcc-arm-none-eabi-10.3-2021.07/bin/../lib/gcc/arm-none-eabi/10.3.1/../../../../arm-none-eabi/lib/thumb/v7e-m+fp/hard\libnosys.a(sbrk.o)
                0x08004fe4                _sbrk
 *(.glue_7)
 .glue_7        0x08005000        0x0 linker stubs
 *(.glue_7t)
 .glue_7t       0x08005000        0x0 linker stubs
 *(.eh_frame)
 .eh_frame      0x08005000        0x0 c:/my_files/school/extracurriculars/university/personal_projects/embedded_systems/tools/gcc-arm-none-eabi-10.3-2021.07/bin/../lib/gcc/arm-none-eabi/10.3.1/thumb/v7e-m+fp/hard/crtbegin.o
 *(.init)
 .init          0x08005000        0x4 c:/my_files/school/extracurriculars/university/personal_projects/embedded_systems/tools/gcc-arm-none-eabi-10.3-2021.07/bin/../lib/gcc/arm-none-eabi/10.3.1/thumb/v7e-m+fp/hard/crti.o
                0x08005000                _init
 .init          0x08005004        0x8 c:/my_files/school/extracurriculars/university/personal_projects/embedded_systems/tools/gcc-arm-none-eabi-10.3-2021.07/bin/../lib/gcc/arm-none-eabi/10.3.1/thumb/v7e-m+fp/hard/crtn.o
 *(.fini)
 .fini          0x0800500c        0x4 c:/my_files/school/extracurriculars/university/personal_projects/embedded_systems/tools/gcc-arm-none-eabi-10.3-2021.07/bin/../lib/gcc/arm-none-eabi/10.3.1/thumb/v7e-m+fp/hard/crti.o
                0x0800500c                _fini
 .fini          0x08005010        0x8 c:/my_files/school/extracurriculars/university/personal_projects/embedded_systems/tools/gcc-arm-none-eabi-10.3-2021.07/bin/../lib/gcc/arm-none-eabi/10.3.1/thumb/v7e-m+fp/hard/crtn.o
                0x08005018                . = ALIGN (0x4)
                0x08005018                _etext = .

.vfp11_veneer   0x08005018        0x0
 .vfp11_veneer  0x08005018        0x0 linker stubs

.v4_bx          0x08005018        0x0
 .v4_bx         0x08005018        0x0 linker stubs

.iplt           0x08005018        0x0
 .iplt          0x08005018        0x0 c:/my_files/school/extracurriculars/university/personal_projects/embedded_systems/tools/gcc-arm-none-eabi-10.3-2021.07/bin/../lib/gcc/arm-none-eabi/10.3.1/thumb/v7e-m+fp/hard/crtbegin.o

.rodata         0x08005018      0x1a0
                0x08005018                . = ALIGN (0x4)
 *(.rodata)
 *(.rodata*)
 .rodata.ConsumerTask.str1.4
                0x08005018       0x3c build/main.o
 .rodata.toggleLedCallback.str1.4
                0x08005054       0x1f build/main.o
 *fill*         0x08005073        0x1 
 .rodata.HAL_ADC_ConvCpltCallback.str1.4
                0x08005074       0x2b build/main.o
 *fill*         0x0800509f        0x1 
 .rodata.str1.4
                0x080050a0       0x39 build/main.o
 *fill*         0x080050d9        0x3 
 .rodata.adcQueue_attributes
                0x080050dc       0x18 build/main.o
                0x080050dc                adcQueue_attributes
 .rodata.consumerTask_attributes
                0x080050f4       0x24 build/main.o
                0x080050f4                consumerTask_attributes
 .rodata.producerTask_attributes
                0x08005118       0x24 build/main.o
                0x08005118                producerTask_attributes
 .rodata.toggleLedTimer_attributes
                0x0800513c       0x10 build/main.o
                0x0800513c                toggleLedTimer_attributes
 .rodata.flagBitshiftOffset.0
                0x0800514c        0x8 build/stm32f4xx_hal_dma.o
 .rodata.AHBPrescTable
                0x08005154       0x10 build/system_stm32f4xx.o
                0x08005154                AHBPrescTable
 .rodata.APBPrescTable
                0x08005164        0x8 build/system_stm32f4xx.o
                0x08005164                APBPrescTable
 .rodata.vTaskStartScheduler.str1.4
                0x0800516c        0x5 build/tasks.o
 *fill*         0x08005171        0x3 
 .rodata.prvCheckForValidListAndQueue.str1.4
                0x08005174        0x5 build/timers.o
 *fill*         0x08005179        0x3 
 .rodata.xTimerCreateTimerTask.str1.4
                0x0800517c        0x8 build/timers.o
 .rodata._svfprintf_r.str1.1
                0x08005184       0x11 c:/my_files/school/extracurriculars/university/personal_projects/embedded_systems/tools/gcc-arm-none-eabi-10.3-2021.07/bin/../lib/gcc/arm-none-eabi/10.3.1/../../../../arm-none-eabi/lib/thumb/v7e-m+fp/hard\libc_nano.a(lib_a-nano-svfprintf.o)
 .rodata._printf_i.str1.1
                0x08005195       0x22 c:/my_files/school/extracurriculars/university/personal_projects/embedded_systems/tools/gcc-arm-none-eabi-10.3-2021.07/bin/../lib/gcc/arm-none-eabi/10.3.1/../../../../arm-none-eabi/lib/thumb/v7e-m+fp/hard\libc_nano.a(lib_a-nano-vfprintf_i.o)
                0x080051b8                . = ALIGN (0x4)
 *fill*         0x080051b7        0x1 

.ARM.extab
 *(.ARM.extab* .gnu.linkonce.armextab.*)

.ARM            0x080051b8        0x8
                0x080051b8                __exidx_start = .
 *(.ARM.exidx*)
 .ARM.exidx     0x080051b8        0x8 c:/my_files/school/extracurriculars/university/personal_projects/embedded_systems/tools/gcc-arm-none-eabi-10.3-2021.07/bin/../lib/gcc/arm-none-eabi/10.3.1/thumb/v7e-m+fp/hard\libgcc.a(_udivmoddi4.o)
                0x080051c0                __exidx_end = .

.rel.dyn        0x080051c0        0x0
 .rel.iplt      0x080051c0        0x0 c:/my_files/school/extracurriculars/university/personal_projects/embedded_systems/tools/gcc-arm-none-eabi-10.3-2021.07/bin/../lib/gcc/arm-none-eabi/10.3.1/thumb/v7e-m+fp/hard/crtbegin.o

.preinit_array  0x080051c0        0x0
                0x080051c0                PROVIDE (__preinit_array_start = .)
 *(.preinit_array*)
                0x080051c0                PROVIDE (__preinit_array_end = .)

.init_array     0x080051c0        0x4
                0x080051c0                PROVIDE (__init_array_start = .)
 *(SORT_BY_NAME(.init_array.*))
 *(.init_array*)
 .init_array    0x080051c0        0x4 c:/my_files/school/extracurriculars/university/personal_projects/embedded_systems/tools/gcc-arm-none-eabi-10.3-2021.07/bin/../lib/gcc/arm-none-eabi/10.3.1/thumb/v7e-m+fp/hard/crtbegin.o
                0x080051c4                PROVIDE (__init_array_end = .)

.fini_array     0x080051c4        0x4
                [!provide]                PROVIDE (__fini_array_start = .)
 *(SORT_BY_NAME(.fini_array.*))
 *(.fini_array*)
 .fini_array    0x080051c4        0x4 c:/my_files/school/extracurriculars/university/personal_projects/embedded_systems/tools/gcc-arm-none-eabi-10.3-2021.07/bin/../lib/gcc/arm-none-eabi/10.3.1/thumb/v7e-m+fp/hard/crtbegin.o
                [!provide]                PROVIDE (__fini_array_end = .)
                0x080051c8                _sidata = LOADADDR (.data)

.data           0x20000000       0x74 load address 0x080051c8
                0x20000000                . = ALIGN (0x4)
                0x20000000                _sdata = .
 *(.data)
 *(.data*)
 .data.uwTickFreq
                0x20000000        0x1 build/stm32f4xx_hal.o
                0x20000000                uwTickFreq
 *fill*         0x20000001        0x3 
 .data.uwTickPrio
                0x20000004        0x4 build/stm32f4xx_hal.o
                0x20000004                uwTickPrio
 .data.SystemCoreClock
                0x20000008        0x4 build/system_stm32f4xx.o
                0x20000008                SystemCoreClock
 .data.uxCriticalNesting
                0x2000000c        0x4 build/port.o
 .data._impure_ptr
                0x20000010        0x4 c:/my_files/school/extracurriculars/university/personal_projects/embedded_systems/tools/gcc-arm-none-eabi-10.3-2021.07/bin/../lib/gcc/arm-none-eabi/10.3.1/../../../../arm-none-eabi/lib/thumb/v7e-m+fp/hard\libc_nano.a(lib_a-impure.o)
                0x20000010                _impure_ptr
 .data.impure_data
                0x20000014       0x60 c:/my_files/school/extracurriculars/university/personal_projects/embedded_systems/tools/gcc-arm-none-eabi-10.3-2021.07/bin/../lib/gcc/arm-none-eabi/10.3.1/../../../../arm-none-eabi/lib/thumb/v7e-m+fp/hard\libc_nano.a(lib_a-impure.o)
                0x20000074                . = ALIGN (0x4)
                0x20000074                _edata = .

.igot.plt       0x20000074        0x0 load address 0x0800523c
 .igot.plt      0x20000074        0x0 c:/my_files/school/extracurriculars/university/personal_projects/embedded_systems/tools/gcc-arm-none-eabi-10.3-2021.07/bin/../lib/gcc/arm-none-eabi/10.3.1/thumb/v7e-m+fp/hard/crtbegin.o
                0x20000074                . = ALIGN (0x4)

.bss            0x20000074     0x4b40 load address 0x0800523c
                0x20000074                _sbss = .
                0x20000074                __bss_start__ = _sbss
 *(.bss)
 .bss           0x20000074       0x1c c:/my_files/school/extracurriculars/university/personal_projects/embedded_systems/tools/gcc-arm-none-eabi-10.3-2021.07/bin/../lib/gcc/arm-none-eabi/10.3.1/thumb/v7e-m+fp/hard/crtbegin.o
 *(.bss*)
 .bss.adcQueueHandle
                0x20000090        0x4 build/main.o
                0x20000090                adcQueueHandle
 .bss.consumerTaskHandle
                0x20000094        0x4 build/main.o
                0x20000094                consumerTaskHandle
 .bss.hadc1     0x20000098       0x48 build/main.o
                0x20000098                hadc1
 .bss.hdma_adc1
                0x200000e0       0x60 build/main.o
                0x200000e0                hdma_adc1
 .bss.huart2    0x20000140       0x44 build/main.o
                0x20000140                huart2
 .bss.next_adc  0x20000184        0x8 build/main.o
                0x20000184                next_adc
 .bss.prev_adc  0x2000018c        0x8 build/main.o
                0x2000018c                prev_adc
 .bss.producerTaskHandle
                0x20000194        0x4 build/main.o
                0x20000194                producerTaskHandle
 .bss.toggleLedTimerHandle
                0x20000198        0x4 build/main.o
                0x20000198                toggleLedTimerHandle
 .bss.tx_buff   0x2000019c        0x4 build/main.o
 .bss.uart_msg  0x200001a0       0x64 build/main.o
 .bss.htim4     0x20000204       0x48 build/stm32f4xx_hal_timebase_tim.o
                0x20000204                htim4
 .bss.uwTick    0x2000024c        0x4 build/stm32f4xx_hal.o
                0x2000024c                uwTick
 .bss.xQueueRegistry
                0x20000250       0x40 build/queue.o
                0x20000250                xQueueRegistry
 .bss.pxCurrentTCB
                0x20000290        0x4 build/tasks.o
                0x20000290                pxCurrentTCB
 .bss.pxDelayedTaskList
                0x20000294        0x4 build/tasks.o
 .bss.pxOverflowDelayedTaskList
                0x20000298        0x4 build/tasks.o
 .bss.pxReadyTasksLists
                0x2000029c      0x460 build/tasks.o
 .bss.uxCurrentNumberOfTasks
                0x200006fc        0x4 build/tasks.o
 .bss.uxDeletedTasksWaitingCleanUp
                0x20000700        0x4 build/tasks.o
 .bss.uxSchedulerSuspended
                0x20000704        0x4 build/tasks.o
 .bss.uxTaskNumber
                0x20000708        0x4 build/tasks.o
 .bss.uxTopReadyPriority
                0x2000070c        0x4 build/tasks.o
 .bss.xDelayedTaskList1
                0x20000710       0x14 build/tasks.o
 .bss.xDelayedTaskList2
                0x20000724       0x14 build/tasks.o
 .bss.xIdleTaskHandle
                0x20000738        0x4 build/tasks.o
 .bss.xNextTaskUnblockTime
                0x2000073c        0x4 build/tasks.o
 .bss.xNumOfOverflows
                0x20000740        0x4 build/tasks.o
 .bss.xPendedTicks
                0x20000744        0x4 build/tasks.o
 .bss.xPendingReadyList
                0x20000748       0x14 build/tasks.o
 .bss.xSchedulerRunning
                0x2000075c        0x4 build/tasks.o
 .bss.xSuspendedTaskList
                0x20000760       0x14 build/tasks.o
 .bss.xTasksWaitingTermination
                0x20000774       0x14 build/tasks.o
 .bss.xTickCount
                0x20000788        0x4 build/tasks.o
 .bss.xYieldPending
                0x2000078c        0x4 build/tasks.o
 .bss.pxCurrentTimerList
                0x20000790        0x4 build/timers.o
 .bss.pxOverflowTimerList
                0x20000794        0x4 build/timers.o
 .bss.ucStaticTimerQueueStorage.1
                0x20000798       0xa0 build/timers.o
 .bss.xActiveTimerList1
                0x20000838       0x14 build/timers.o
 .bss.xActiveTimerList2
                0x2000084c       0x14 build/timers.o
 .bss.xLastTime.2
                0x20000860        0x4 build/timers.o
 .bss.xStaticTimerQueue.0
                0x20000864       0x50 build/timers.o
 .bss.xTimerQueue
                0x200008b4        0x4 build/timers.o
 .bss.xTimerTaskHandle
                0x200008b8        0x4 build/timers.o
 .bss.Idle_Stack.2
                0x200008bc      0x200 build/cmsis_os2.o
 .bss.Idle_TCB.3
                0x20000abc       0x5c build/cmsis_os2.o
 .bss.KernelState
                0x20000b18        0x4 build/cmsis_os2.o
 .bss.Timer_Stack.0
                0x20000b1c      0x400 build/cmsis_os2.o
 .bss.Timer_TCB.1
                0x20000f1c       0x5c build/cmsis_os2.o
 .bss.pxEnd     0x20000f78        0x4 build/heap_4.o
 .bss.ucHeap    0x20000f7c     0x3c00 build/heap_4.o
 .bss.xBlockAllocatedBit
                0x20004b7c        0x4 build/heap_4.o
 .bss.xFreeBytesRemaining
                0x20004b80        0x4 build/heap_4.o
 .bss.xMinimumEverFreeBytesRemaining
                0x20004b84        0x4 build/heap_4.o
 .bss.xNumberOfSuccessfulAllocations
                0x20004b88        0x4 build/heap_4.o
 .bss.xNumberOfSuccessfulFrees
                0x20004b8c        0x4 build/heap_4.o
 .bss.xStart    0x20004b90        0x8 build/heap_4.o
 .bss.ucMaxSysCallPriority
                0x20004b98        0x1 build/port.o
 *fill*         0x20004b99        0x3 
 .bss.ulMaxPRIGROUPValue
                0x20004b9c        0x4 build/port.o
 .bss.__malloc_free_list
                0x20004ba0        0x4 c:/my_files/school/extracurriculars/university/personal_projects/embedded_systems/tools/gcc-arm-none-eabi-10.3-2021.07/bin/../lib/gcc/arm-none-eabi/10.3.1/../../../../arm-none-eabi/lib/thumb/v7e-m+fp/hard\libc_nano.a(lib_a-nano-mallocr.o)
                0x20004ba0                __malloc_free_list
 .bss.__malloc_sbrk_start
                0x20004ba4        0x4 c:/my_files/school/extracurriculars/university/personal_projects/embedded_systems/tools/gcc-arm-none-eabi-10.3-2021.07/bin/../lib/gcc/arm-none-eabi/10.3.1/../../../../arm-none-eabi/lib/thumb/v7e-m+fp/hard\libc_nano.a(lib_a-nano-mallocr.o)
                0x20004ba4                __malloc_sbrk_start
 .bss.errno     0x20004ba8        0x4 c:/my_files/school/extracurriculars/university/personal_projects/embedded_systems/tools/gcc-arm-none-eabi-10.3-2021.07/bin/../lib/gcc/arm-none-eabi/10.3.1/../../../../arm-none-eabi/lib/thumb/v7e-m+fp/hard\libc_nano.a(lib_a-reent.o)
                0x20004ba8                errno
 .bss.__lock___malloc_recursive_mutex
                0x20004bac        0x1 c:/my_files/school/extracurriculars/university/personal_projects/embedded_systems/tools/gcc-arm-none-eabi-10.3-2021.07/bin/../lib/gcc/arm-none-eabi/10.3.1/../../../../arm-none-eabi/lib/thumb/v7e-m+fp/hard\libc_nano.a(lib_a-lock.o)
                0x20004bac                __lock___malloc_recursive_mutex
 *fill*         0x20004bad        0x3 
 .bss.heap_end.0
                0x20004bb0        0x4 c:/my_files/school/extracurriculars/university/personal_projects/embedded_systems/tools/gcc-arm-none-eabi-10.3-2021.07/bin/../lib/gcc/arm-none-eabi/10.3.1/../../../../arm-none-eabi/lib/thumb/v7e-m+fp/hard\libnosys.a(sbrk.o)
 *(COMMON)
                0x20004bb4                . = ALIGN (0x4)
                0x20004bb4                _ebss = .
                0x20004bb4                __bss_end__ = _ebss

._user_heap_stack
                0x20004bb4      0x604 load address 0x0800523c
                0x20004bb8                . = ALIGN (0x8)
 *fill*         0x20004bb4        0x4 
                0x20004bb8                PROVIDE (end = .)
                [!provide]                PROVIDE (_end = .)
                0x20004db8                . = (. + _Min_Heap_Size)
 *fill*         0x20004bb8      0x200 
                0x200051b8                . = (. + _Min_Stack_Size)
 *fill*         0x20004db8      0x400 
                0x200051b8                . = ALIGN (0x8)

/DISCARD/
 libc.a(*)
 libm.a(*)
 libgcc.a(*)

.ARM.attributes
                0x00000000       0x30
 *(.ARM.attributes)
 .ARM.attributes
                0x00000000       0x1e c:/my_files/school/extracurriculars/university/personal_projects/embedded_systems/tools/gcc-arm-none-eabi-10.3-2021.07/bin/../lib/gcc/arm-none-eabi/10.3.1/thumb/v7e-m+fp/hard/crti.o
 .ARM.attributes
                0x0000001e       0x34 c:/my_files/school/extracurriculars/university/personal_projects/embedded_systems/tools/gcc-arm-none-eabi-10.3-2021.07/bin/../lib/gcc/arm-none-eabi/10.3.1/thumb/v7e-m+fp/hard/crtbegin.o
 .ARM.attributes
                0x00000052       0x34 build/main.o
 .ARM.attributes
                0x00000086       0x34 build/stm32f4xx_it.o
 .ARM.attributes
                0x000000ba       0x34 build/stm32f4xx_hal_msp.o
 .ARM.attributes
                0x000000ee       0x34 build/stm32f4xx_hal_timebase_tim.o
 .ARM.attributes
                0x00000122       0x34 build/stm32f4xx_hal_adc.o
 .ARM.attributes
                0x00000156       0x34 build/stm32f4xx_hal_rcc.o
 .ARM.attributes
                0x0000018a       0x34 build/stm32f4xx_hal_gpio.o
 .ARM.attributes
                0x000001be       0x34 build/stm32f4xx_hal_dma.o
 .ARM.attributes
                0x000001f2       0x34 build/stm32f4xx_hal_cortex.o
 .ARM.attributes
                0x00000226       0x34 build/stm32f4xx_hal.o
 .ARM.attributes
                0x0000025a       0x34 build/stm32f4xx_hal_tim.o
 .ARM.attributes
                0x0000028e       0x34 build/stm32f4xx_hal_tim_ex.o
 .ARM.attributes
                0x000002c2       0x34 build/system_stm32f4xx.o
 .ARM.attributes
                0x000002f6       0x34 build/list.o
 .ARM.attributes
                0x0000032a       0x34 build/queue.o
 .ARM.attributes
                0x0000035e       0x34 build/tasks.o
 .ARM.attributes
                0x00000392       0x34 build/timers.o
 .ARM.attributes
                0x000003c6       0x34 build/cmsis_os2.o
 .ARM.attributes
                0x000003fa       0x34 build/heap_4.o
 .ARM.attributes
                0x0000042e       0x34 build/port.o
 .ARM.attributes
                0x00000462       0x34 build/stm32f4xx_hal_uart.o
 .ARM.attributes
                0x00000496       0x21 build/startup_stm32f401xe.o
 .ARM.attributes
                0x000004b7       0x32 c:/my_files/school/extracurriculars/university/personal_projects/embedded_systems/tools/gcc-arm-none-eabi-10.3-2021.07/bin/../lib/gcc/arm-none-eabi/10.3.1/../../../../arm-none-eabi/lib/thumb/v7e-m+fp/hard\libc_nano.a(lib_a-impure.o)
 .ARM.attributes
                0x000004e9       0x34 c:/my_files/school/extracurriculars/university/personal_projects/embedded_systems/tools/gcc-arm-none-eabi-10.3-2021.07/bin/../lib/gcc/arm-none-eabi/10.3.1/../../../../arm-none-eabi/lib/thumb/v7e-m+fp/hard\libc_nano.a(lib_a-init.o)
 .ARM.attributes
                0x0000051d       0x34 c:/my_files/school/extracurriculars/university/personal_projects/embedded_systems/tools/gcc-arm-none-eabi-10.3-2021.07/bin/../lib/gcc/arm-none-eabi/10.3.1/../../../../arm-none-eabi/lib/thumb/v7e-m+fp/hard\libc_nano.a(lib_a-memcpy-stub.o)
 .ARM.attributes
                0x00000551       0x34 c:/my_files/school/extracurriculars/university/personal_projects/embedded_systems/tools/gcc-arm-none-eabi-10.3-2021.07/bin/../lib/gcc/arm-none-eabi/10.3.1/../../../../arm-none-eabi/lib/thumb/v7e-m+fp/hard\libc_nano.a(lib_a-memset.o)
 .ARM.attributes
                0x00000585       0x34 c:/my_files/school/extracurriculars/university/personal_projects/embedded_systems/tools/gcc-arm-none-eabi-10.3-2021.07/bin/../lib/gcc/arm-none-eabi/10.3.1/../../../../arm-none-eabi/lib/thumb/v7e-m+fp/hard\libc_nano.a(lib_a-sprintf.o)
 .ARM.attributes
                0x000005b9       0x17 c:/my_files/school/extracurriculars/university/personal_projects/embedded_systems/tools/gcc-arm-none-eabi-10.3-2021.07/bin/../lib/gcc/arm-none-eabi/10.3.1/../../../../arm-none-eabi/lib/thumb/v7e-m+fp/hard\libc_nano.a(lib_a-strlen.o)
 .ARM.attributes
                0x000005d0       0x34 c:/my_files/school/extracurriculars/university/personal_projects/embedded_systems/tools/gcc-arm-none-eabi-10.3-2021.07/bin/../lib/gcc/arm-none-eabi/10.3.1/../../../../arm-none-eabi/lib/thumb/v7e-m+fp/hard\libc_nano.a(lib_a-nano-svfprintf.o)
 .ARM.attributes
                0x00000604       0x34 c:/my_files/school/extracurriculars/university/personal_projects/embedded_systems/tools/gcc-arm-none-eabi-10.3-2021.07/bin/../lib/gcc/arm-none-eabi/10.3.1/../../../../arm-none-eabi/lib/thumb/v7e-m+fp/hard\libc_nano.a(lib_a-nano-vfprintf_i.o)
 .ARM.attributes
                0x00000638       0x1c c:/my_files/school/extracurriculars/university/personal_projects/embedded_systems/tools/gcc-arm-none-eabi-10.3-2021.07/bin/../lib/gcc/arm-none-eabi/10.3.1/../../../../arm-none-eabi/lib/thumb/v7e-m+fp/hard\libc_nano.a(lib_a-memchr.o)
 .ARM.attributes
                0x00000654       0x34 c:/my_files/school/extracurriculars/university/personal_projects/embedded_systems/tools/gcc-arm-none-eabi-10.3-2021.07/bin/../lib/gcc/arm-none-eabi/10.3.1/../../../../arm-none-eabi/lib/thumb/v7e-m+fp/hard\libc_nano.a(lib_a-memmove.o)
 .ARM.attributes
                0x00000688       0x34 c:/my_files/school/extracurriculars/university/personal_projects/embedded_systems/tools/gcc-arm-none-eabi-10.3-2021.07/bin/../lib/gcc/arm-none-eabi/10.3.1/../../../../arm-none-eabi/lib/thumb/v7e-m+fp/hard\libc_nano.a(lib_a-nano-freer.o)
 .ARM.attributes
                0x000006bc       0x34 c:/my_files/school/extracurriculars/university/personal_projects/embedded_systems/tools/gcc-arm-none-eabi-10.3-2021.07/bin/../lib/gcc/arm-none-eabi/10.3.1/../../../../arm-none-eabi/lib/thumb/v7e-m+fp/hard\libc_nano.a(lib_a-nano-mallocr.o)
 .ARM.attributes
                0x000006f0       0x34 c:/my_files/school/extracurriculars/university/personal_projects/embedded_systems/tools/gcc-arm-none-eabi-10.3-2021.07/bin/../lib/gcc/arm-none-eabi/10.3.1/../../../../arm-none-eabi/lib/thumb/v7e-m+fp/hard\libc_nano.a(lib_a-nano-reallocr.o)
 .ARM.attributes
                0x00000724       0x34 c:/my_files/school/extracurriculars/university/personal_projects/embedded_systems/tools/gcc-arm-none-eabi-10.3-2021.07/bin/../lib/gcc/arm-none-eabi/10.3.1/../../../../arm-none-eabi/lib/thumb/v7e-m+fp/hard\libc_nano.a(lib_a-sbrkr.o)
 .ARM.attributes
                0x00000758       0x34 c:/my_files/school/extracurriculars/university/personal_projects/embedded_systems/tools/gcc-arm-none-eabi-10.3-2021.07/bin/../lib/gcc/arm-none-eabi/10.3.1/../../../../arm-none-eabi/lib/thumb/v7e-m+fp/hard\libc_nano.a(lib_a-mlock.o)
 .ARM.attributes
                0x0000078c       0x34 c:/my_files/school/extracurriculars/university/personal_projects/embedded_systems/tools/gcc-arm-none-eabi-10.3-2021.07/bin/../lib/gcc/arm-none-eabi/10.3.1/../../../../arm-none-eabi/lib/thumb/v7e-m+fp/hard\libc_nano.a(lib_a-nano-msizer.o)
 .ARM.attributes
                0x000007c0       0x34 c:/my_files/school/extracurriculars/university/personal_projects/embedded_systems/tools/gcc-arm-none-eabi-10.3-2021.07/bin/../lib/gcc/arm-none-eabi/10.3.1/../../../../arm-none-eabi/lib/thumb/v7e-m+fp/hard\libc_nano.a(lib_a-reent.o)
 .ARM.attributes
                0x000007f4       0x34 c:/my_files/school/extracurriculars/university/personal_projects/embedded_systems/tools/gcc-arm-none-eabi-10.3-2021.07/bin/../lib/gcc/arm-none-eabi/10.3.1/../../../../arm-none-eabi/lib/thumb/v7e-m+fp/hard\libc_nano.a(lib_a-lock.o)
 .ARM.attributes
                0x00000828       0x34 c:/my_files/school/extracurriculars/university/personal_projects/embedded_systems/tools/gcc-arm-none-eabi-10.3-2021.07/bin/../lib/gcc/arm-none-eabi/10.3.1/../../../../arm-none-eabi/lib/thumb/v7e-m+fp/hard\libnosys.a(sbrk.o)
 .ARM.attributes
                0x0000085c       0x1e c:/my_files/school/extracurriculars/university/personal_projects/embedded_systems/tools/gcc-arm-none-eabi-10.3-2021.07/bin/../lib/gcc/arm-none-eabi/10.3.1/thumb/v7e-m+fp/hard\libgcc.a(_aeabi_uldivmod.o)
 .ARM.attributes
                0x0000087a       0x34 c:/my_files/school/extracurriculars/university/personal_projects/embedded_systems/tools/gcc-arm-none-eabi-10.3-2021.07/bin/../lib/gcc/arm-none-eabi/10.3.1/thumb/v7e-m+fp/hard\libgcc.a(_udivmoddi4.o)
 .ARM.attributes
                0x000008ae       0x1e c:/my_files/school/extracurriculars/university/personal_projects/embedded_systems/tools/gcc-arm-none-eabi-10.3-2021.07/bin/../lib/gcc/arm-none-eabi/10.3.1/thumb/v7e-m+fp/hard\libgcc.a(_dvmd_tls.o)
 .ARM.attributes
                0x000008cc       0x1e c:/my_files/school/extracurriculars/university/personal_projects/embedded_systems/tools/gcc-arm-none-eabi-10.3-2021.07/bin/../lib/gcc/arm-none-eabi/10.3.1/thumb/v7e-m+fp/hard/crtn.o
OUTPUT(build/CMSIS_ADC_Test.elf elf32-littlearm)
LOAD linker stubs
LOAD c:/my_files/school/extracurriculars/university/personal_projects/embedded_systems/tools/gcc-arm-none-eabi-10.3-2021.07/bin/../lib/gcc/arm-none-eabi/10.3.1/../../../../arm-none-eabi/lib/thumb/v7e-m+fp/hard\libc.a
LOAD c:/my_files/school/extracurriculars/university/personal_projects/embedded_systems/tools/gcc-arm-none-eabi-10.3-2021.07/bin/../lib/gcc/arm-none-eabi/10.3.1/../../../../arm-none-eabi/lib/thumb/v7e-m+fp/hard\libm.a
LOAD c:/my_files/school/extracurriculars/university/personal_projects/embedded_systems/tools/gcc-arm-none-eabi-10.3-2021.07/bin/../lib/gcc/arm-none-eabi/10.3.1/thumb/v7e-m+fp/hard\libgcc.a

.debug_info     0x00000000    0x20d03
 .debug_info    0x00000000     0x20fe build/main.o
 .debug_info    0x000020fe      0x7de build/stm32f4xx_it.o
 .debug_info    0x000028dc     0x1069 build/stm32f4xx_hal_msp.o
 .debug_info    0x00003945      0xce3 build/stm32f4xx_hal_timebase_tim.o
 .debug_info    0x00004628      0xfd8 build/stm32f4xx_hal_adc.o
 .debug_info    0x00005600      0xc13 build/stm32f4xx_hal_rcc.o
 .debug_info    0x00006213      0x872 build/stm32f4xx_hal_gpio.o
 .debug_info    0x00006a85      0xbc9 build/stm32f4xx_hal_dma.o
 .debug_info    0x0000764e     0x10de build/stm32f4xx_hal_cortex.o
 .debug_info    0x0000872c      0xa60 build/stm32f4xx_hal.o
 .debug_info    0x0000918c     0x405a build/stm32f4xx_hal_tim.o
 .debug_info    0x0000d1e6     0x1c62 build/stm32f4xx_hal_tim_ex.o
 .debug_info    0x0000ee48      0x5e5 build/system_stm32f4xx.o
 .debug_info    0x0000f42d      0x30f build/list.o
 .debug_info    0x0000f73c     0x2968 build/queue.o
 .debug_info    0x000120a4     0x333f build/tasks.o
 .debug_info    0x000153e3     0x1bd3 build/timers.o
 .debug_info    0x00016fb6     0x4d85 build/cmsis_os2.o
 .debug_info    0x0001bd3b      0x61a build/heap_4.o
 .debug_info    0x0001c355      0x5c8 build/port.o
 .debug_info    0x0001c91d     0x43c4 build/stm32f4xx_hal_uart.o
 .debug_info    0x00020ce1       0x22 build/startup_stm32f401xe.o

.debug_abbrev   0x00000000     0x37d6
 .debug_abbrev  0x00000000      0x2ec build/main.o
 .debug_abbrev  0x000002ec      0x18d build/stm32f4xx_it.o
 .debug_abbrev  0x00000479      0x1d1 build/stm32f4xx_hal_msp.o
 .debug_abbrev  0x0000064a      0x200 build/stm32f4xx_hal_timebase_tim.o
 .debug_abbrev  0x0000084a      0x252 build/stm32f4xx_hal_adc.o
 .debug_abbrev  0x00000a9c      0x2aa build/stm32f4xx_hal_rcc.o
 .debug_abbrev  0x00000d46      0x22b build/stm32f4xx_hal_gpio.o
 .debug_abbrev  0x00000f71      0x2bf build/stm32f4xx_hal_dma.o
 .debug_abbrev  0x00001230      0x382 build/stm32f4xx_hal_cortex.o
 .debug_abbrev  0x000015b2      0x23a build/stm32f4xx_hal.o
 .debug_abbrev  0x000017ec      0x293 build/stm32f4xx_hal_tim.o
 .debug_abbrev  0x00001a7f      0x2a9 build/stm32f4xx_hal_tim_ex.o
 .debug_abbrev  0x00001d28      0x11b build/system_stm32f4xx.o
 .debug_abbrev  0x00001e43      0x124 build/list.o
 .debug_abbrev  0x00001f67      0x3c4 build/queue.o
 .debug_abbrev  0x0000232b      0x387 build/tasks.o
 .debug_abbrev  0x000026b2      0x366 build/timers.o
 .debug_abbrev  0x00002a18      0x559 build/cmsis_os2.o
 .debug_abbrev  0x00002f71      0x269 build/heap_4.o
 .debug_abbrev  0x000031da      0x28a build/port.o
 .debug_abbrev  0x00003464      0x360 build/stm32f4xx_hal_uart.o
 .debug_abbrev  0x000037c4       0x12 build/startup_stm32f401xe.o

.debug_loc      0x00000000    0x1cde5
 .debug_loc     0x00000000      0x345 build/main.o
 .debug_loc     0x00000345       0x40 build/stm32f4xx_it.o
 .debug_loc     0x00000385      0x1f5 build/stm32f4xx_hal_msp.o
 .debug_loc     0x0000057a       0xbc build/stm32f4xx_hal_timebase_tim.o
 .debug_loc     0x00000636      0xd76 build/stm32f4xx_hal_adc.o
 .debug_loc     0x000013ac      0x6e4 build/stm32f4xx_hal_rcc.o
 .debug_loc     0x00001a90      0x5e8 build/stm32f4xx_hal_gpio.o
 .debug_loc     0x00002078      0xd6d build/stm32f4xx_hal_dma.o
 .debug_loc     0x00002de5      0x7a4 build/stm32f4xx_hal_cortex.o
 .debug_loc     0x00003589      0x1e1 build/stm32f4xx_hal.o
 .debug_loc     0x0000376a     0x5c9c build/stm32f4xx_hal_tim.o
 .debug_loc     0x00009406     0x2137 build/stm32f4xx_hal_tim_ex.o
 .debug_loc     0x0000b53d      0x158 build/system_stm32f4xx.o
 .debug_loc     0x0000b695       0xe5 build/list.o
 .debug_loc     0x0000b77a     0x1fe4 build/queue.o
 .debug_loc     0x0000d75e     0x2c72 build/tasks.o
 .debug_loc     0x000103d0     0x1586 build/timers.o
 .debug_loc     0x00011956     0x5dbc build/cmsis_os2.o
 .debug_loc     0x00017712      0x4e4 build/heap_4.o
 .debug_loc     0x00017bf6      0x1c0 build/port.o
 .debug_loc     0x00017db6     0x502f build/stm32f4xx_hal_uart.o

.debug_aranges  0x00000000     0x14c0
 .debug_aranges
                0x00000000       0x78 build/main.o
 .debug_aranges
                0x00000078       0x58 build/stm32f4xx_it.o
 .debug_aranges
                0x000000d0       0x40 build/stm32f4xx_hal_msp.o
 .debug_aranges
                0x00000110       0x30 build/stm32f4xx_hal_timebase_tim.o
 .debug_aranges
                0x00000140       0xe8 build/stm32f4xx_hal_adc.o
 .debug_aranges
                0x00000228       0x88 build/stm32f4xx_hal_rcc.o
 .debug_aranges
                0x000002b0       0x58 build/stm32f4xx_hal_gpio.o
 .debug_aranges
                0x00000308       0x90 build/stm32f4xx_hal_dma.o
 .debug_aranges
                0x00000398       0xa8 build/stm32f4xx_hal_cortex.o
 .debug_aranges
                0x00000440       0xf0 build/stm32f4xx_hal.o
 .debug_aranges
                0x00000530      0x3d0 build/stm32f4xx_hal_tim.o
 .debug_aranges
                0x00000900      0x168 build/stm32f4xx_hal_tim_ex.o
 .debug_aranges
                0x00000a68       0x28 build/system_stm32f4xx.o
 .debug_aranges
                0x00000a90       0x40 build/list.o
 .debug_aranges
                0x00000ad0      0x158 build/queue.o
 .debug_aranges
                0x00000c28      0x208 build/tasks.o
 .debug_aranges
                0x00000e30       0xf0 build/timers.o
 .debug_aranges
                0x00000f20      0x2a0 build/cmsis_os2.o
 .debug_aranges
                0x000011c0       0x58 build/heap_4.o
 .debug_aranges
                0x00001218       0x80 build/port.o
 .debug_aranges
                0x00001298      0x200 build/stm32f4xx_hal_uart.o
 .debug_aranges
                0x00001498       0x28 build/startup_stm32f401xe.o

.debug_ranges   0x00000000     0x1650
 .debug_ranges  0x00000000       0x80 build/main.o
 .debug_ranges  0x00000080       0x48 build/stm32f4xx_it.o
 .debug_ranges  0x000000c8       0x30 build/stm32f4xx_hal_msp.o
 .debug_ranges  0x000000f8       0x20 build/stm32f4xx_hal_timebase_tim.o
 .debug_ranges  0x00000118       0xd8 build/stm32f4xx_hal_adc.o
 .debug_ranges  0x000001f0       0x90 build/stm32f4xx_hal_rcc.o
 .debug_ranges  0x00000280       0x48 build/stm32f4xx_hal_gpio.o
 .debug_ranges  0x000002c8       0x80 build/stm32f4xx_hal_dma.o
 .debug_ranges  0x00000348       0xf8 build/stm32f4xx_hal_cortex.o
 .debug_ranges  0x00000440       0xe0 build/stm32f4xx_hal.o
 .debug_ranges  0x00000520      0x3c0 build/stm32f4xx_hal_tim.o
 .debug_ranges  0x000008e0      0x158 build/stm32f4xx_hal_tim_ex.o
 .debug_ranges  0x00000a38       0x18 build/system_stm32f4xx.o
 .debug_ranges  0x00000a50       0x30 build/list.o
 .debug_ranges  0x00000a80      0x218 build/queue.o
 .debug_ranges  0x00000c98      0x338 build/tasks.o
 .debug_ranges  0x00000fd0       0xe0 build/timers.o
 .debug_ranges  0x000010b0      0x2a8 build/cmsis_os2.o
 .debug_ranges  0x00001358       0x48 build/heap_4.o
 .debug_ranges  0x000013a0       0x88 build/port.o
 .debug_ranges  0x00001428      0x208 build/stm32f4xx_hal_uart.o
 .debug_ranges  0x00001630       0x20 build/startup_stm32f401xe.o

.debug_line     0x00000000    0x1a13d
 .debug_line    0x00000000      0x85a build/main.o
 .debug_line    0x0000085a      0x31e build/stm32f4xx_it.o
 .debug_line    0x00000b78      0x42c build/stm32f4xx_hal_msp.o
 .debug_line    0x00000fa4      0x30c build/stm32f4xx_hal_timebase_tim.o
 .debug_line    0x000012b0     0x1090 build/stm32f4xx_hal_adc.o
 .debug_line    0x00002340      0xb98 build/stm32f4xx_hal_rcc.o
 .debug_line    0x00002ed8      0x74b build/stm32f4xx_hal_gpio.o
 .debug_line    0x00003623      0xeb0 build/stm32f4xx_hal_dma.o
 .debug_line    0x000044d3      0x800 build/stm32f4xx_hal_cortex.o
 .debug_line    0x00004cd3      0x5ed build/stm32f4xx_hal.o
 .debug_line    0x000052c0     0x4a45 build/stm32f4xx_hal_tim.o
 .debug_line    0x00009d05     0x1cee build/stm32f4xx_hal_tim_ex.o
 .debug_line    0x0000b9f3      0x2d8 build/system_stm32f4xx.o
 .debug_line    0x0000bccb      0x3e1 build/list.o
 .debug_line    0x0000c0ac     0x2116 build/queue.o
 .debug_line    0x0000e1c2     0x2eaa build/tasks.o
 .debug_line    0x0001106c      0xfec build/timers.o
 .debug_line    0x00012058     0x2a7f build/cmsis_os2.o
 .debug_line    0x00014ad7      0x7fe build/heap_4.o
 .debug_line    0x000152d5      0x792 build/port.o
 .debug_line    0x00015a67     0x4660 build/stm32f4xx_hal_uart.o
 .debug_line    0x0001a0c7       0x76 build/startup_stm32f401xe.o

.debug_str      0x00000000     0x728f
 .debug_str     0x00000000     0x1928 build/main.o
                               0x1a18 (size before relaxing)
 .debug_str     0x00001928       0xd1 build/stm32f4xx_it.o
                                0x7b5 (size before relaxing)
 .debug_str     0x000019f9       0xa1 build/stm32f4xx_hal_msp.o
                                0xd96 (size before relaxing)
 .debug_str     0x00001a9a       0xf5 build/stm32f4xx_hal_timebase_tim.o
                                0xd1a (size before relaxing)
 .debug_str     0x00001b8f      0x2b4 build/stm32f4xx_hal_adc.o
                                0x97d (size before relaxing)
 .debug_str     0x00001e43      0x1c6 build/stm32f4xx_hal_rcc.o
                                0x742 (size before relaxing)
 .debug_str     0x00002009      0x112 build/stm32f4xx_hal_gpio.o
                                0x51c (size before relaxing)
 .debug_str     0x0000211b      0x2bd build/stm32f4xx_hal_dma.o
                                0x7a0 (size before relaxing)
 .debug_str     0x000023d8      0x4d9 build/stm32f4xx_hal_cortex.o
                                0xaf4 (size before relaxing)
 .debug_str     0x000028b1      0x273 build/stm32f4xx_hal.o
                                0xa34 (size before relaxing)
 .debug_str     0x00002b24      0xe87 build/stm32f4xx_hal_tim.o
                               0x16e3 (size before relaxing)
 .debug_str     0x000039ab      0x591 build/stm32f4xx_hal_tim_ex.o
                                0xee4 (size before relaxing)
 .debug_str     0x00003f3c       0x47 build/system_stm32f4xx.o
                                0x3b1 (size before relaxing)
 .debug_str     0x00003f83      0x14d build/list.o
                                0x32c (size before relaxing)
 .debug_str     0x000040d0      0xa2a build/queue.o
                                0xd42 (size before relaxing)
 .debug_str     0x00004afa      0xc95 build/tasks.o
                               0x1311 (size before relaxing)
 .debug_str     0x0000578f      0x5d8 build/timers.o
                                0xc72 (size before relaxing)
 .debug_str     0x00005d67      0xae7 build/cmsis_os2.o
                               0x201c (size before relaxing)
 .debug_str     0x0000684e      0x2bf build/heap_4.o
                                0x53a (size before relaxing)
 .debug_str     0x00006b0d      0x17d build/port.o
                                0x4ac (size before relaxing)
 .debug_str     0x00006c8a      0x5e1 build/stm32f4xx_hal_uart.o
                                0xd83 (size before relaxing)
 .debug_str     0x0000726b       0x24 build/startup_stm32f401xe.o
                                 0x94 (size before relaxing)

.comment        0x00000000       0x49
 .comment       0x00000000       0x49 build/main.o
                                 0x4a (size before relaxing)
 .comment       0x00000049       0x4a build/stm32f4xx_it.o
 .comment       0x00000049       0x4a build/stm32f4xx_hal_msp.o
 .comment       0x00000049       0x4a build/stm32f4xx_hal_timebase_tim.o
 .comment       0x00000049       0x4a build/stm32f4xx_hal_adc.o
 .comment       0x00000049       0x4a build/stm32f4xx_hal_rcc.o
 .comment       0x00000049       0x4a build/stm32f4xx_hal_gpio.o
 .comment       0x00000049       0x4a build/stm32f4xx_hal_dma.o
 .comment       0x00000049       0x4a build/stm32f4xx_hal_cortex.o
 .comment       0x00000049       0x4a build/stm32f4xx_hal.o
 .comment       0x00000049       0x4a build/stm32f4xx_hal_tim.o
 .comment       0x00000049       0x4a build/stm32f4xx_hal_tim_ex.o
 .comment       0x00000049       0x4a build/system_stm32f4xx.o
 .comment       0x00000049       0x4a build/list.o
 .comment       0x00000049       0x4a build/queue.o
 .comment       0x00000049       0x4a build/tasks.o
 .comment       0x00000049       0x4a build/timers.o
 .comment       0x00000049       0x4a build/cmsis_os2.o
 .comment       0x00000049       0x4a build/heap_4.o
 .comment       0x00000049       0x4a build/port.o
 .comment       0x00000049       0x4a build/stm32f4xx_hal_uart.o

.debug_frame    0x00000000     0x3f68
 .debug_frame   0x00000000      0x14c build/main.o
 .debug_frame   0x0000014c       0xa0 build/stm32f4xx_it.o
 .debug_frame   0x000001ec       0xa0 build/stm32f4xx_hal_msp.o
 .debug_frame   0x0000028c       0x50 build/stm32f4xx_hal_timebase_tim.o
 .debug_frame   0x000002dc      0x268 build/stm32f4xx_hal_adc.o
 .debug_frame   0x00000544      0x16c build/stm32f4xx_hal_rcc.o
 .debug_frame   0x000006b0       0xd8 build/stm32f4xx_hal_gpio.o
 .debug_frame   0x00000788      0x188 build/stm32f4xx_hal_dma.o
 .debug_frame   0x00000910      0x148 build/stm32f4xx_hal_cortex.o
 .debug_frame   0x00000a58      0x1ec build/stm32f4xx_hal.o
 .debug_frame   0x00000c44      0xb20 build/stm32f4xx_hal_tim.o
 .debug_frame   0x00001764      0x40c build/stm32f4xx_hal_tim_ex.o
 .debug_frame   0x00001b70       0x30 build/system_stm32f4xx.o
 .debug_frame   0x00001ba0       0x70 build/list.o
 .debug_frame   0x00001c10      0x458 build/queue.o
 .debug_frame   0x00002068      0x688 build/tasks.o
 .debug_frame   0x000026f0      0x30c build/timers.o
 .debug_frame   0x000029fc      0x900 build/cmsis_os2.o
 .debug_frame   0x000032fc       0xd0 build/heap_4.o
 .debug_frame   0x000033cc      0x110 build/port.o
 .debug_frame   0x000034dc      0x5cc build/stm32f4xx_hal_uart.o
 .debug_frame   0x00003aa8       0x2c c:/my_files/school/extracurriculars/university/personal_projects/embedded_systems/tools/gcc-arm-none-eabi-10.3-2021.07/bin/../lib/gcc/arm-none-eabi/10.3.1/../../../../arm-none-eabi/lib/thumb/v7e-m+fp/hard\libc_nano.a(lib_a-init.o)
 .debug_frame   0x00003ad4       0x28 c:/my_files/school/extracurriculars/university/personal_projects/embedded_systems/tools/gcc-arm-none-eabi-10.3-2021.07/bin/../lib/gcc/arm-none-eabi/10.3.1/../../../../arm-none-eabi/lib/thumb/v7e-m+fp/hard\libc_nano.a(lib_a-memcpy-stub.o)
 .debug_frame   0x00003afc       0x20 c:/my_files/school/extracurriculars/university/personal_projects/embedded_systems/tools/gcc-arm-none-eabi-10.3-2021.07/bin/../lib/gcc/arm-none-eabi/10.3.1/../../../../arm-none-eabi/lib/thumb/v7e-m+fp/hard\libc_nano.a(lib_a-memset.o)
 .debug_frame   0x00003b1c       0x6c c:/my_files/school/extracurriculars/university/personal_projects/embedded_systems/tools/gcc-arm-none-eabi-10.3-2021.07/bin/../lib/gcc/arm-none-eabi/10.3.1/../../../../arm-none-eabi/lib/thumb/v7e-m+fp/hard\libc_nano.a(lib_a-sprintf.o)
 .debug_frame   0x00003b88       0x90 c:/my_files/school/extracurriculars/university/personal_projects/embedded_systems/tools/gcc-arm-none-eabi-10.3-2021.07/bin/../lib/gcc/arm-none-eabi/10.3.1/../../../../arm-none-eabi/lib/thumb/v7e-m+fp/hard\libc_nano.a(lib_a-nano-svfprintf.o)
 .debug_frame   0x00003c18       0x60 c:/my_files/school/extracurriculars/university/personal_projects/embedded_systems/tools/gcc-arm-none-eabi-10.3-2021.07/bin/../lib/gcc/arm-none-eabi/10.3.1/../../../../arm-none-eabi/lib/thumb/v7e-m+fp/hard\libc_nano.a(lib_a-nano-vfprintf_i.o)
 .debug_frame   0x00003c78       0x28 c:/my_files/school/extracurriculars/university/personal_projects/embedded_systems/tools/gcc-arm-none-eabi-10.3-2021.07/bin/../lib/gcc/arm-none-eabi/10.3.1/../../../../arm-none-eabi/lib/thumb/v7e-m+fp/hard\libc_nano.a(lib_a-memmove.o)
 .debug_frame   0x00003ca0       0x38 c:/my_files/school/extracurriculars/university/personal_projects/embedded_systems/tools/gcc-arm-none-eabi-10.3-2021.07/bin/../lib/gcc/arm-none-eabi/10.3.1/../../../../arm-none-eabi/lib/thumb/v7e-m+fp/hard\libc_nano.a(lib_a-nano-freer.o)
 .debug_frame   0x00003cd8       0x4c c:/my_files/school/extracurriculars/university/personal_projects/embedded_systems/tools/gcc-arm-none-eabi-10.3-2021.07/bin/../lib/gcc/arm-none-eabi/10.3.1/../../../../arm-none-eabi/lib/thumb/v7e-m+fp/hard\libc_nano.a(lib_a-nano-mallocr.o)
 .debug_frame   0x00003d24       0x3c c:/my_files/school/extracurriculars/university/personal_projects/embedded_systems/tools/gcc-arm-none-eabi-10.3-2021.07/bin/../lib/gcc/arm-none-eabi/10.3.1/../../../../arm-none-eabi/lib/thumb/v7e-m+fp/hard\libc_nano.a(lib_a-nano-reallocr.o)
 .debug_frame   0x00003d60       0x2c c:/my_files/school/extracurriculars/university/personal_projects/embedded_systems/tools/gcc-arm-none-eabi-10.3-2021.07/bin/../lib/gcc/arm-none-eabi/10.3.1/../../../../arm-none-eabi/lib/thumb/v7e-m+fp/hard\libc_nano.a(lib_a-sbrkr.o)
 .debug_frame   0x00003d8c       0x30 c:/my_files/school/extracurriculars/university/personal_projects/embedded_systems/tools/gcc-arm-none-eabi-10.3-2021.07/bin/../lib/gcc/arm-none-eabi/10.3.1/../../../../arm-none-eabi/lib/thumb/v7e-m+fp/hard\libc_nano.a(lib_a-mlock.o)
 .debug_frame   0x00003dbc       0x20 c:/my_files/school/extracurriculars/university/personal_projects/embedded_systems/tools/gcc-arm-none-eabi-10.3-2021.07/bin/../lib/gcc/arm-none-eabi/10.3.1/../../../../arm-none-eabi/lib/thumb/v7e-m+fp/hard\libc_nano.a(lib_a-nano-msizer.o)
 .debug_frame   0x00003ddc       0x5c c:/my_files/school/extracurriculars/university/personal_projects/embedded_systems/tools/gcc-arm-none-eabi-10.3-2021.07/bin/../lib/gcc/arm-none-eabi/10.3.1/../../../../arm-none-eabi/lib/thumb/v7e-m+fp/hard\libc_nano.a(lib_a-reent.o)
 .debug_frame   0x00003e38       0xb0 c:/my_files/school/extracurriculars/university/personal_projects/embedded_systems/tools/gcc-arm-none-eabi-10.3-2021.07/bin/../lib/gcc/arm-none-eabi/10.3.1/../../../../arm-none-eabi/lib/thumb/v7e-m+fp/hard\libc_nano.a(lib_a-lock.o)
 .debug_frame   0x00003ee8       0x20 c:/my_files/school/extracurriculars/university/personal_projects/embedded_systems/tools/gcc-arm-none-eabi-10.3-2021.07/bin/../lib/gcc/arm-none-eabi/10.3.1/../../../../arm-none-eabi/lib/thumb/v7e-m+fp/hard\libnosys.a(sbrk.o)
 .debug_frame   0x00003f08       0x2c c:/my_files/school/extracurriculars/university/personal_projects/embedded_systems/tools/gcc-arm-none-eabi-10.3-2021.07/bin/../lib/gcc/arm-none-eabi/10.3.1/thumb/v7e-m+fp/hard\libgcc.a(_aeabi_uldivmod.o)
 .debug_frame   0x00003f34       0x34 c:/my_files/school/extracurriculars/university/personal_projects/embedded_systems/tools/gcc-arm-none-eabi-10.3-2021.07/bin/../lib/gcc/arm-none-eabi/10.3.1/thumb/v7e-m+fp/hard\libgcc.a(_udivmoddi4.o)

Cross Reference Table

Symbol                                            File
ADC_IRQHandler                                    build/startup_stm32f401xe.o
AHBPrescTable                                     build/system_stm32f4xx.o
                                                  build/stm32f4xx_hal_rcc.o
APBPrescTable                                     build/system_stm32f4xx.o
                                                  build/stm32f4xx_hal_rcc.o
BusFault_Handler                                  build/stm32f4xx_it.o
ConsumerTask                                      build/main.o
DMA1_Stream0_IRQHandler                           build/startup_stm32f401xe.o
DMA1_Stream1_IRQHandler                           build/startup_stm32f401xe.o
DMA1_Stream2_IRQHandler                           build/startup_stm32f401xe.o
DMA1_Stream3_IRQHandler                           build/startup_stm32f401xe.o
DMA1_Stream4_IRQHandler                           build/startup_stm32f401xe.o
DMA1_Stream5_IRQHandler                           build/startup_stm32f401xe.o
DMA1_Stream6_IRQHandler                           build/startup_stm32f401xe.o
DMA1_Stream7_IRQHandler                           build/startup_stm32f401xe.o
DMA2_Stream0_IRQHandler                           build/stm32f4xx_it.o
DMA2_Stream1_IRQHandler                           build/startup_stm32f401xe.o
DMA2_Stream2_IRQHandler                           build/startup_stm32f401xe.o
DMA2_Stream3_IRQHandler                           build/startup_stm32f401xe.o
DMA2_Stream4_IRQHandler                           build/startup_stm32f401xe.o
DMA2_Stream5_IRQHandler                           build/startup_stm32f401xe.o
DMA2_Stream6_IRQHandler                           build/startup_stm32f401xe.o
DMA2_Stream7_IRQHandler                           build/startup_stm32f401xe.o
DebugMon_Handler                                  build/stm32f4xx_it.o
Default_Handler                                   build/startup_stm32f401xe.o
EXTI0_IRQHandler                                  build/startup_stm32f401xe.o
EXTI15_10_IRQHandler                              build/startup_stm32f401xe.o
EXTI1_IRQHandler                                  build/startup_stm32f401xe.o
EXTI2_IRQHandler                                  build/startup_stm32f401xe.o
EXTI3_IRQHandler                                  build/startup_stm32f401xe.o
EXTI4_IRQHandler                                  build/startup_stm32f401xe.o
EXTI9_5_IRQHandler                                build/startup_stm32f401xe.o
Error_Handler                                     build/main.o
                                                  build/stm32f4xx_hal_msp.o
FLASH_Erase_Sector                                build/stm32f4xx_hal_flash_ex.o
                                                  build/stm32f4xx_hal_flash.o
FLASH_FlushCaches                                 build/stm32f4xx_hal_flash_ex.o
                                                  build/stm32f4xx_hal_flash.o
FLASH_IRQHandler                                  build/startup_stm32f401xe.o
FLASH_WaitForLastOperation                        build/stm32f4xx_hal_flash.o
                                                  build/stm32f4xx_hal_flash_ex.o
FPU_IRQHandler                                    build/startup_stm32f401xe.o
HAL_ADCEx_InjectedConfigChannel                   build/stm32f4xx_hal_adc_ex.o
HAL_ADCEx_InjectedConvCpltCallback                build/stm32f4xx_hal_adc_ex.o
                                                  build/stm32f4xx_hal_adc.o
HAL_ADCEx_InjectedGetValue                        build/stm32f4xx_hal_adc_ex.o
HAL_ADCEx_InjectedPollForConversion               build/stm32f4xx_hal_adc_ex.o
HAL_ADCEx_InjectedStart                           build/stm32f4xx_hal_adc_ex.o
HAL_ADCEx_InjectedStart_IT                        build/stm32f4xx_hal_adc_ex.o
HAL_ADCEx_InjectedStop                            build/stm32f4xx_hal_adc_ex.o
HAL_ADCEx_InjectedStop_IT                         build/stm32f4xx_hal_adc_ex.o
HAL_ADCEx_MultiModeConfigChannel                  build/stm32f4xx_hal_adc_ex.o
HAL_ADCEx_MultiModeGetValue                       build/stm32f4xx_hal_adc_ex.o
HAL_ADCEx_MultiModeStart_DMA                      build/stm32f4xx_hal_adc_ex.o
HAL_ADCEx_MultiModeStop_DMA                       build/stm32f4xx_hal_adc_ex.o
HAL_ADC_AnalogWDGConfig                           build/stm32f4xx_hal_adc.o
HAL_ADC_ConfigChannel                             build/stm32f4xx_hal_adc.o
                                                  build/main.o
HAL_ADC_ConvCpltCallback                          build/main.o
                                                  build/stm32f4xx_hal_adc_ex.o
HAL_ADC_ConvHalfCpltCallback                      build/stm32f4xx_hal_adc.o
                                                  build/stm32f4xx_hal_adc_ex.o
HAL_ADC_DeInit                                    build/stm32f4xx_hal_adc.o
HAL_ADC_ErrorCallback                             build/stm32f4xx_hal_adc.o
                                                  build/stm32f4xx_hal_adc_ex.o
HAL_ADC_GetError                                  build/stm32f4xx_hal_adc.o
HAL_ADC_GetState                                  build/stm32f4xx_hal_adc.o
HAL_ADC_GetValue                                  build/stm32f4xx_hal_adc.o
HAL_ADC_IRQHandler                                build/stm32f4xx_hal_adc.o
HAL_ADC_Init                                      build/stm32f4xx_hal_adc.o
                                                  build/main.o
HAL_ADC_LevelOutOfWindowCallback                  build/stm32f4xx_hal_adc.o
HAL_ADC_MspDeInit                                 build/stm32f4xx_hal_msp.o
HAL_ADC_MspInit                                   build/stm32f4xx_hal_msp.o
HAL_ADC_PollForConversion                         build/stm32f4xx_hal_adc.o
HAL_ADC_PollForEvent                              build/stm32f4xx_hal_adc.o
HAL_ADC_Start                                     build/stm32f4xx_hal_adc.o
HAL_ADC_Start_DMA                                 build/stm32f4xx_hal_adc.o
                                                  build/main.o
HAL_ADC_Start_IT                                  build/stm32f4xx_hal_adc.o
HAL_ADC_Stop                                      build/stm32f4xx_hal_adc.o
HAL_ADC_Stop_DMA                                  build/stm32f4xx_hal_adc.o
HAL_ADC_Stop_IT                                   build/stm32f4xx_hal_adc.o
HAL_DBGMCU_DisableDBGSleepMode                    build/stm32f4xx_hal.o
HAL_DBGMCU_DisableDBGStandbyMode                  build/stm32f4xx_hal.o
HAL_DBGMCU_DisableDBGStopMode                     build/stm32f4xx_hal.o
HAL_DBGMCU_EnableDBGSleepMode                     build/stm32f4xx_hal.o
HAL_DBGMCU_EnableDBGStandbyMode                   build/stm32f4xx_hal.o
HAL_DBGMCU_EnableDBGStopMode                      build/stm32f4xx_hal.o
HAL_DMAEx_ChangeMemory                            build/stm32f4xx_hal_dma_ex.o
HAL_DMAEx_MultiBufferStart                        build/stm32f4xx_hal_dma_ex.o
HAL_DMAEx_MultiBufferStart_IT                     build/stm32f4xx_hal_dma_ex.o
HAL_DMA_Abort                                     build/stm32f4xx_hal_dma.o
                                                  build/stm32f4xx_hal_uart.o
                                                  build/stm32f4xx_hal_adc_ex.o
                                                  build/stm32f4xx_hal_adc.o
HAL_DMA_Abort_IT                                  build/stm32f4xx_hal_dma.o
                                                  build/stm32f4xx_hal_uart.o
                                                  build/stm32f4xx_hal_tim_ex.o
                                                  build/stm32f4xx_hal_tim.o
HAL_DMA_DeInit                                    build/stm32f4xx_hal_dma.o
                                                  build/stm32f4xx_hal_msp.o
HAL_DMA_GetError                                  build/stm32f4xx_hal_dma.o
                                                  build/stm32f4xx_hal_uart.o
HAL_DMA_GetState                                  build/stm32f4xx_hal_dma.o
HAL_DMA_IRQHandler                                build/stm32f4xx_hal_dma.o
                                                  build/stm32f4xx_it.o
HAL_DMA_Init                                      build/stm32f4xx_hal_dma.o
                                                  build/stm32f4xx_hal_msp.o
HAL_DMA_PollForTransfer                           build/stm32f4xx_hal_dma.o
HAL_DMA_RegisterCallback                          build/stm32f4xx_hal_dma.o
HAL_DMA_Start                                     build/stm32f4xx_hal_dma.o
HAL_DMA_Start_IT                                  build/stm32f4xx_hal_dma.o
                                                  build/stm32f4xx_hal_uart.o
                                                  build/stm32f4xx_hal_tim_ex.o
                                                  build/stm32f4xx_hal_tim.o
                                                  build/stm32f4xx_hal_adc_ex.o
                                                  build/stm32f4xx_hal_adc.o
HAL_DMA_UnRegisterCallback                        build/stm32f4xx_hal_dma.o
HAL_DeInit                                        build/stm32f4xx_hal.o
HAL_Delay                                         build/stm32f4xx_hal.o
HAL_DisableCompensationCell                       build/stm32f4xx_hal.o
HAL_EXTI_ClearConfigLine                          build/stm32f4xx_hal_exti.o
HAL_EXTI_ClearPending                             build/stm32f4xx_hal_exti.o
HAL_EXTI_GenerateSWI                              build/stm32f4xx_hal_exti.o
HAL_EXTI_GetConfigLine                            build/stm32f4xx_hal_exti.o
HAL_EXTI_GetHandle                                build/stm32f4xx_hal_exti.o
HAL_EXTI_GetPending                               build/stm32f4xx_hal_exti.o
HAL_EXTI_IRQHandler                               build/stm32f4xx_hal_exti.o
HAL_EXTI_RegisterCallback                         build/stm32f4xx_hal_exti.o
HAL_EXTI_SetConfigLine                            build/stm32f4xx_hal_exti.o
HAL_EnableCompensationCell                        build/stm32f4xx_hal.o
HAL_FLASHEx_AdvOBGetConfig                        build/stm32f4xx_hal_flash_ex.o
HAL_FLASHEx_AdvOBProgram                          build/stm32f4xx_hal_flash_ex.o
HAL_FLASHEx_Erase                                 build/stm32f4xx_hal_flash_ex.o
HAL_FLASHEx_Erase_IT                              build/stm32f4xx_hal_flash_ex.o
HAL_FLASHEx_OBGetConfig                           build/stm32f4xx_hal_flash_ex.o
HAL_FLASHEx_OBProgram                             build/stm32f4xx_hal_flash_ex.o
HAL_FLASHEx_OB_DeSelectPCROP                      build/stm32f4xx_hal_flash_ex.o
HAL_FLASHEx_OB_SelectPCROP                        build/stm32f4xx_hal_flash_ex.o
HAL_FLASH_EndOfOperationCallback                  build/stm32f4xx_hal_flash.o
HAL_FLASH_GetError                                build/stm32f4xx_hal_flash.o
HAL_FLASH_IRQHandler                              build/stm32f4xx_hal_flash.o
HAL_FLASH_Lock                                    build/stm32f4xx_hal_flash.o
HAL_FLASH_OB_Launch                               build/stm32f4xx_hal_flash.o
HAL_FLASH_OB_Lock                                 build/stm32f4xx_hal_flash.o
HAL_FLASH_OB_Unlock                               build/stm32f4xx_hal_flash.o
HAL_FLASH_OperationErrorCallback                  build/stm32f4xx_hal_flash.o
HAL_FLASH_Program                                 build/stm32f4xx_hal_flash.o
HAL_FLASH_Program_IT                              build/stm32f4xx_hal_flash.o
HAL_FLASH_Unlock                                  build/stm32f4xx_hal_flash.o
HAL_GPIO_DeInit                                   build/stm32f4xx_hal_gpio.o
                                                  build/stm32f4xx_hal_msp.o
HAL_GPIO_EXTI_Callback                            build/stm32f4xx_hal_gpio.o
HAL_GPIO_EXTI_IRQHandler                          build/stm32f4xx_hal_gpio.o
HAL_GPIO_Init                                     build/stm32f4xx_hal_gpio.o
                                                  build/stm32f4xx_hal_rcc.o
                                                  build/stm32f4xx_hal_msp.o
                                                  build/main.o
HAL_GPIO_LockPin                                  build/stm32f4xx_hal_gpio.o